[30.08.2026, 6:40:55,064 PM] [2026-08-30 18:40:53] <DBG> Decode topics ---------- Start ------------------
[30.08.2026, 6:40:55,064 PM] [2026-08-30 18:40:53] <PUB> TOP51 Inside_Pipe_Temp: 27
[30.08.2026, 6:40:55,064 PM] [2026-08-30 18:40:53] <DBG> Decode topics ---------- End --------------------

[30.08.2026, 6:40:59,778 PM] [2026-08-30 18:40:58] <DBG> Register command/query
[30.08.2026, 6:41:00,289 PM] [2026-08-30 18:40:59] <DBG> Send query
[30.08.2026, 6:41:00,792 PM] [2026-08-30 18:40:59] <DBG> Valid data
[30.08.2026, 6:41:00,800 PM] [2026-08-30 18:40:59] <DBG> Decode topics ---------- Start ------------------
[30.08.2026, 6:41:00,800 PM] [2026-08-30 18:40:59] <PUB> TOP51 Inside_Pipe_Temp: 26
[30.08.2026, 6:41:00,800 PM] [2026-08-30 18:40:59] <DBG> Decode topics ---------- End --------------------

[30.08.2026, 6:41:06,045 PM] [2026-08-30 18:41:04] <DBG> Register command/query
[30.08.2026, 6:41:06,291 PM] [2026-08-30 18:41:05] <DBG> Send query
[30.08.2026, 6:41:06,802 PM] [2026-08-30 18:41:05] <DBG> Valid data
[30.08.2026, 6:41:06,827 PM] [2026-08-30 18:41:05] <DBG> Decode topics ---------- Start ------------------
[30.08.2026, 6:41:06,828 PM] [2026-08-30 18:41:05] <DBG> Decode topics ---------- End --------------------

[30.08.2026, 6:41:11,803 PM] [2026-08-30 18:41:10] <DBG> Register command/query
[30.08.2026, 6:41:12,304 PM] [2026-08-30 18:41:11] <DBG> Send query
[30.08.2026, 6:41:12,809 PM] [2026-08-30 18:41:11] <DBG> Valid data
[30.08.2026, 6:41:12,825 PM] [2026-08-30 18:41:11] <DBG> Decode topics ---------- Start ------------------
[30.08.2026, 6:41:12,826 PM] [2026-08-30 18:41:11] <DBG> Decode topics ---------- End --------------------

[30.08.2026, 6:41:17,821 PM] [2026-08-30 18:41:16] <DBG> Register command/query
[30.08.2026, 6:41:18,320 PM] [2026-08-30 18:41:17] <DBG> Send query
[30.08.2026, 6:41:18,822 PM] [2026-08-30 18:41:17] <DBG> Valid data
[30.08.2026, 6:41:18,835 PM] [2026-08-30 18:41:17] <DBG> Decode topics ---------- Start ------------------
[30.08.2026, 6:41:18,835 PM] [2026-08-30 18:41:17] <PUB> TOP10 DHW_Temp: 57
[30.08.2026, 6:41:18,835 PM] [2026-08-30 18:41:17] <DBG> Decode topics ---------- End --------------------

[30.08.2026, 6:41:23,832 PM] [2026-08-30 18:41:22] <DBG> Register command/query
[30.08.2026, 6:41:24,340 PM] [2026-08-30 18:41:23] <DBG> Send query
[30.08.2026, 6:41:24,840 PM] [2026-08-30 18:41:23] <DBG> Valid data
[30.08.2026, 6:41:24,886 PM] [2026-08-30 18:41:23] <DBG> Decode topics ---------- Start ------------------
[30.08.2026, 6:41:24,886 PM] [2026-08-30 18:41:23] <DBG> Decode topics ---------- End --------------------

[30.08.2026, 6:41:29,842 PM] [2026-08-30 18:41:28] <DBG> Register command/query
[30.08.2026, 6:41:30,343 PM] [2026-08-30 18:41:29] <DBG> Send query
[30.08.2026, 6:41:30,849 PM] [2026-08-30 18:41:29] <DBG> Valid data
[30.08.2026, 6:41:30,864 PM] [2026-08-30 18:41:29] <DBG> Decode topics ---------- Start ------------------
[30.08.2026, 6:41:30,864 PM] [2026-08-30 18:41:29] <PUB> TOP51 Inside_Pipe_Temp: 27
[30.08.2026, 6:41:30,874 PM] [2026-08-30 18:41:29] <DBG> Decode topics ---------- End --------------------

[30.08.2026, 6:41:35,858 PM] [2026-08-30 18:41:34] <DBG> Register command/query
[30.08.2026, 6:41:36,359 PM] [2026-08-30 18:41:35] <DBG> Send query
[30.08.2026, 6:41:36,867 PM] [2026-08-30 18:41:35] <DBG> Valid data
[30.08.2026, 6:41:36,884 PM] [2026-08-30 18:41:35] <DBG> Decode topics ---------- Start ------------------
[30.08.2026, 6:41:36,884 PM] [2026-08-30 18:41:35] <DBG> Decode topics ---------- End --------------------

[30.08.2026, 6:41:41,870 PM] [2026-08-30 18:41:40] <DBG> Register command/query
[30.08.2026, 6:41:42,371 PM] [2026-08-30 18:41:41] <DBG> Send query
[30.08.2026, 6:41:42,879 PM] [2026-08-30 18:41:41] <DBG> Valid data
[30.08.2026, 6:41:42,898 PM] [2026-08-30 18:41:41] <DBG> Decode topics ---------- Start ------------------
[30.08.2026, 6:41:42,898 PM] [2026-08-30 18:41:41] <PUB> TOP51 Inside_Pipe_Temp: 26
[30.08.2026, 6:41:42,898 PM] [2026-08-30 18:41:41] <DBG> Decode topics ---------- End --------------------

[30.08.2026, 6:41:47,886 PM] [2026-08-30 18:41:46] <DBG> Register command/query
[30.08.2026, 6:41:48,390 PM] [2026-08-30 18:41:47] <DBG> Send query
[30.08.2026, 6:41:48,892 PM] [2026-08-30 18:41:47] <DBG> Valid data
[30.08.2026, 6:41:48,916 PM] [2026-08-30 18:41:47] <DBG> Decode topics ---------- Start ------------------
[30.08.2026, 6:41:48,917 PM] [2026-08-30 18:41:47] <DBG> Decode topics ---------- End --------------------

[30.08.2026, 6:41:53,898 PM] [2026-08-30 18:41:52] <DBG> Register command/query
[30.08.2026, 6:41:54,400 PM] [2026-08-30 18:41:53] <DBG> Send query
[30.08.2026, 6:41:54,904 PM] [2026-08-30 18:41:53] <DBG> Valid data
[30.08.2026, 6:41:54,924 PM] [2026-08-30 18:41:53] <DBG> Decode topics ---------- Start ------------------
[30.08.2026, 6:41:54,924 PM] [2026-08-30 18:41:53] <DBG> Decode topics ---------- End --------------------

[30.08.2026, 6:41:57,539 PM] [2026-08-30 18:41:56] <DBG> Callback from mqtt
[30.08.2026, 6:41:57,540 PM] [2026-08-30 18:41:56] <SUB> SET1 Heatpump: 0
[30.08.2026, 6:41:57,540 PM] [2026-08-30 18:41:56] <DBG> Register command/query
[30.08.2026, 6:41:57,555 PM] [2026-08-30 18:41:56] <DBG> Callback from mqtt
[30.08.2026, 6:41:57,555 PM] [2026-08-30 18:41:56] <SUB> SET15 WaterPumpSpeed: 100
[30.08.2026, 6:41:57,555 PM] [2026-08-30 18:41:56] <DBG> Register command/query
[30.08.2026, 6:41:58,049 PM] [2026-08-30 18:41:57] <DBG> Send command
[30.08.2026, 6:41:58,558 PM] [2026-08-30 18:41:57] <DBG> Valid data
[30.08.2026, 6:41:58,558 PM] [2026-08-30 18:41:57] <DBG> Decode topics ---------- Start ------------------
[30.08.2026, 6:41:58,559 PM] [2026-08-30 18:41:57] <DBG> Decode topics ---------- End --------------------

[30.08.2026, 6:42:03,590 PM] [2026-08-30 18:42:02] <DBG> Register command/query
[30.08.2026, 6:42:04,091 PM] [2026-08-30 18:42:03] <DBG> Send query
[30.08.2026, 6:42:04,574 PM] [2026-08-30 18:42:03] <DBG> Valid data
[30.08.2026, 6:42:04,658 PM] [2026-08-30 18:42:03] <DBG> Decode topics ---------- Start ------------------
[30.08.2026, 6:42:04,658 PM] [2026-08-30 18:42:03] <PUB> TOP0 Heatpump_State: 0
[30.08.2026, 6:42:04,658 PM] [2026-08-30 18:42:03] <PUB> TOP103 Pump_Duty_Max: 100
[30.08.2026, 6:42:04,658 PM] [2026-08-30 18:42:03] <DBG> Decode topics ---------- End --------------------

[30.08.2026, 6:42:09,570 PM] [2026-08-30 18:42:08] <DBG> Register command/query
[30.08.2026, 6:42:10,069 PM] [2026-08-30 18:42:09] <DBG> Send query
[30.08.2026, 6:42:10,703 PM] [2026-08-30 18:42:09] <DBG> Valid data
[30.08.2026, 6:42:10,772 PM] [2026-08-30 18:42:09] <DBG> Decode topics ---------- Start ------------------
[30.08.2026, 6:42:10,773 PM] [2026-08-30 18:42:09] <DBG> Decode topics ---------- End --------------------

[30.08.2026, 6:42:15,581 PM] [2026-08-30 18:42:14] <DBG> Register command/query
[30.08.2026, 6:42:16,081 PM] [2026-08-30 18:42:15] <DBG> Send query
[30.08.2026, 6:42:16,588 PM] [2026-08-30 18:42:15] <DBG> Valid data
[30.08.2026, 6:42:16,789 PM] [2026-08-30 18:42:15] <DBG> Decode topics ---------- Start ------------------
[30.08.2026, 6:42:16,789 PM] [2026-08-30 18:42:15] <PUB> TOP51 Inside_Pipe_Temp: 27
[30.08.2026, 6:42:16,789 PM] [2026-08-30 18:42:15] <DBG> Decode topics ---------- End --------------------

[30.08.2026, 6:42:21,705 PM] [2026-08-30 18:42:20] <DBG> Register command/query
[30.08.2026, 6:42:22,101 PM] [2026-08-30 18:42:21] <DBG> Send query
[30.08.2026, 6:42:22,657 PM] [2026-08-30 18:42:21] <DBG> Valid data
[30.08.2026, 6:42:22,708 PM] [2026-08-30 18:42:21] <DBG> Decode topics ---------- Start ------------------
[30.08.2026, 6:42:22,708 PM] [2026-08-30 18:42:21] <PUB> TOP51 Inside_Pipe_Temp: 26
[30.08.2026, 6:42:22,708 PM] [2026-08-30 18:42:21] <DBG> Decode topics ---------- End --------------------

[30.08.2026, 6:42:27,989 PM] [2026-08-30 18:42:26] <DBG> Register command/query
[30.08.2026, 6:42:28,212 PM] [2026-08-30 18:42:27] <DBG> Send query
[30.08.2026, 6:42:28,616 PM] [2026-08-30 18:42:27] <DBG> Valid data
[30.08.2026, 6:42:28,634 PM] [2026-08-30 18:42:27] <DBG> Decode topics ---------- Start ------------------
[30.08.2026, 6:42:28,634 PM] [2026-08-30 18:42:27] <DBG> Decode topics ---------- End --------------------

[30.08.2026, 6:42:33,622 PM] [2026-08-30 18:42:32] <DBG> Register command/query
[30.08.2026, 6:42:34,125 PM] [2026-08-30 18:42:33] <DBG> Send query
[30.08.2026, 6:42:34,628 PM] [2026-08-30 18:42:33] <DBG> Valid data
[30.08.2026, 6:42:34,647 PM] [2026-08-30 18:42:33] <DBG> Decode topics ---------- Start ------------------
[30.08.2026, 6:42:34,648 PM] [2026-08-30 18:42:33] <DBG> Decode topics ---------- End --------------------

[30.08.2026, 6:42:39,669 PM] [2026-08-30 18:42:38] <DBG> Register command/query
[30.08.2026, 6:42:40,251 PM] [2026-08-30 18:42:39] <DBG> Send query
[30.08.2026, 6:42:40,640 PM] [2026-08-30 18:42:39] <DBG> Valid data
[30.08.2026, 6:42:40,657 PM] [2026-08-30 18:42:39] <DBG> Decode topics ---------- Start ------------------
[30.08.2026, 6:42:40,657 PM] [2026-08-30 18:42:39] <DBG> Decode topics ---------- End --------------------

[30.08.2026, 6:42:45,654 PM] [2026-08-30 18:42:44] <DBG> Register command/query
[30.08.2026, 6:42:46,158 PM] [2026-08-30 18:42:45] <DBG> Send query
[30.08.2026, 6:42:46,704 PM] [2026-08-30 18:42:45] <DBG> Valid data
[30.08.2026, 6:42:46,834 PM] [2026-08-30 18:42:45] <DBG> Decode topics ---------- Start ------------------
[30.08.2026, 6:42:46,834 PM] [2026-08-30 18:42:45] <PUB> TOP10 DHW_Temp: 56
[30.08.2026, 6:42:46,834 PM] [2026-08-30 18:42:45] <PUB> TOP101 Heat_Cool_SW_State: 0
[30.08.2026, 6:42:46,834 PM] [2026-08-30 18:42:45] <DBG> Decode topics ---------- End --------------------

[30.08.2026, 6:42:51,727 PM] [2026-08-30 18:42:50] <DBG> Register command/query
[30.08.2026, 6:42:52,161 PM] [2026-08-30 18:42:51] <DBG> Send query
[30.08.2026, 6:42:52,686 PM] [2026-08-30 18:42:51] <DBG> Valid data
[30.08.2026, 6:42:52,704 PM] [2026-08-30 18:42:51] <DBG> Decode topics ---------- Start ------------------
[30.08.2026, 6:42:52,704 PM] [2026-08-30 18:42:51] <DBG> Decode topics ---------- End --------------------

[30.08.2026, 6:42:57,672 PM] [2026-08-30 18:42:56] <DBG> Register command/query
[30.08.2026, 6:42:58,172 PM] [2026-08-30 18:42:57] <DBG> Send query
[30.08.2026, 6:42:58,677 PM] [2026-08-30 18:42:57] <DBG> Valid data
[30.08.2026, 6:42:58,695 PM] [2026-08-30 18:42:57] <DBG> Decode topics ---------- Start ------------------
[30.08.2026, 6:42:58,696 PM] [2026-08-30 18:42:57] <DBG> Decode topics ---------- End --------------------

[30.08.2026, 6:43:03,688 PM] [2026-08-30 18:43:02] <DBG> Register command/query
[30.08.2026, 6:43:04,185 PM] [2026-08-30 18:43:03] <DBG> Send query
[30.08.2026, 6:43:04,692 PM] [2026-08-30 18:43:03] <DBG> Valid data
[30.08.2026, 6:43:04,710 PM] [2026-08-30 18:43:03] <DBG> Decode topics ---------- Start ------------------
[30.08.2026, 6:43:04,710 PM] [2026-08-30 18:43:03] <DBG> Decode topics ---------- End --------------------

[30.08.2026, 6:43:05,360 PM] [2026-08-30 18:43:04] <DBG> Callback from mqtt
[30.08.2026, 6:43:05,396 PM] [2026-08-30 18:43:04] <SUB> SET5 Z1HeatRequestTemperature: 29
[30.08.2026, 6:43:05,396 PM] [2026-08-30 18:43:04] <DBG> Register command/query
[30.08.2026, 6:43:05,397 PM] [2026-08-30 18:43:04] <DBG> Callback from mqtt
[30.08.2026, 6:43:05,397 PM] [2026-08-30 18:43:04] <SUB> SET39 ForceHeater: 1
[30.08.2026, 6:43:05,397 PM] [2026-08-30 18:43:04] <DBG> Register command/query
[30.08.2026, 6:43:05,397 PM] [2026-08-30 18:43:04] <DBG> Callback from mqtt
[30.08.2026, 6:43:05,397 PM] [2026-08-30 18:43:04] <SUB> SET9 OperationMode: 4
[30.08.2026, 6:43:05,397 PM] [2026-08-30 18:43:04] <DBG> Register command/query
[30.08.2026, 6:43:05,397 PM] [2026-08-30 18:43:04] <DBG> Callback from mqtt
[30.08.2026, 6:43:05,397 PM] [2026-08-30 18:43:04] <SUB> SET15 WaterPumpSpeed: 125
[30.08.2026, 6:43:05,397 PM] [2026-08-30 18:43:04] <DBG> Register command/query
[30.08.2026, 6:43:05,868 PM] [2026-08-30 18:43:04] <DBG> Send command
[30.08.2026, 6:43:06,367 PM] [2026-08-30 18:43:05] <DBG> Valid data
[30.08.2026, 6:43:06,399 PM] [2026-08-30 18:43:05] <DBG> Decode topics ---------- Start ------------------
[30.08.2026, 6:43:06,400 PM] [2026-08-30 18:43:05] <PUB> TOP51 Inside_Pipe_Temp: 27
[30.08.2026, 6:43:06,400 PM] [2026-08-30 18:43:05] <DBG> Decode topics ---------- End --------------------

[30.08.2026, 6:43:11,467 PM] [2026-08-30 18:43:10] <DBG> Register command/query
[30.08.2026, 6:43:11,898 PM] [2026-08-30 18:43:10] <DBG> Send query
[30.08.2026, 6:43:12,399 PM] [2026-08-30 18:43:11] <DBG> Valid data
[30.08.2026, 6:43:12,434 PM] [2026-08-30 18:43:11] <DBG> Decode topics ---------- Start ------------------
[30.08.2026, 6:43:12,434 PM] [2026-08-30 18:43:11] <PUB> TOP1 Pump_Flow: 24.12
[30.08.2026, 6:43:12,434 PM] [2026-08-30 18:43:11] <PUB> TOP4 Operating_Mode_State: 4
[30.08.2026, 6:43:12,434 PM] [2026-08-30 18:43:11] <PUB> TOP5 Main_Inlet_Temp: 26.25
[30.08.2026, 6:43:12,434 PM] [2026-08-30 18:43:11] <PUB> TOP7 Main_Target_Temp: 29
[30.08.2026, 6:43:12,434 PM] [2026-08-30 18:43:11] <PUB> TOP27 Z1_Heat_Request_Temp: 29
[30.08.2026, 6:43:12,434 PM] [2026-08-30 18:43:11] <PUB> TOP29 Z1_Heat_Curve_Target_High_Temp: 29
[30.08.2026, 6:43:12,434 PM] [2026-08-30 18:43:11] <PUB> TOP42 Z1_Water_Target_Temp: 29
[30.08.2026, 6:43:12,434 PM] [2026-08-30 18:43:11] <PUB> TOP51 Inside_Pipe_Temp: 26
[30.08.2026, 6:43:12,434 PM] [2026-08-30 18:43:11] <PUB> TOP65 Pump_Speed: 3150
[30.08.2026, 6:43:12,434 PM] [2026-08-30 18:43:11] <PUB> TOP68 Force_Heater_State: 1
[30.08.2026, 6:43:12,434 PM] [2026-08-30 18:43:11] <PUB> TOP92 Pump_Duty: 125
[30.08.2026, 6:43:12,434 PM] [2026-08-30 18:43:11] <PUB> TOP103 Pump_Duty_Max: 125
[30.08.2026, 6:43:12,434 PM] [2026-08-30 18:43:11] <DBG> Decode topics ---------- End --------------------

[30.08.2026, 6:43:12,520 PM] [2026-08-30 18:43:11] <DBG> Callback from mqtt
[30.08.2026, 6:43:12,553 PM] [2026-08-30 18:43:11] <SUB> SET14 WaterPump: 1
[30.08.2026, 6:43:12,553 PM] [2026-08-30 18:43:11] <DBG> Register command/query
[30.08.2026, 6:43:13,018 PM] [2026-08-30 18:43:12] <DBG> Send command
[30.08.2026, 6:43:13,519 PM] [2026-08-30 18:43:12] <DBG> Valid data
[30.08.2026, 6:43:13,540 PM] [2026-08-30 18:43:12] <DBG> Decode topics ---------- Start ------------------
[30.08.2026, 6:43:13,540 PM] [2026-08-30 18:43:12] <PUB> TOP1 Pump_Flow: 20.90
[30.08.2026, 6:43:13,540 PM] [2026-08-30 18:43:12] <PUB> TOP64 High_Pressure: 16.4
[30.08.2026, 6:43:13,540 PM] [2026-08-30 18:43:12] <PUB> TOP65 Pump_Speed: 2900
[30.08.2026, 6:43:13,569 PM] [2026-08-30 18:43:12] <PUB> TOP92 Pump_Duty: 94
[30.08.2026, 6:43:13,569 PM] [2026-08-30 18:43:12] <DBG> Decode topics ---------- End --------------------

[30.08.2026, 6:43:18,534 PM] [2026-08-30 18:43:17] <DBG> Register command/query
[30.08.2026, 6:43:19,034 PM] [2026-08-30 18:43:18] <DBG> Send query
[30.08.2026, 6:43:19,541 PM] [2026-08-30 18:43:18] <DBG> Valid data
[30.08.2026, 6:43:19,556 PM] [2026-08-30 18:43:18] <DBG> Decode topics ---------- Start ------------------
[30.08.2026, 6:43:19,557 PM] [2026-08-30 18:43:18] <PUB> TOP1 Pump_Flow: 24.48
[30.08.2026, 6:43:19,557 PM] [2026-08-30 18:43:18] <PUB> TOP5 Main_Inlet_Temp: 29.00
[30.08.2026, 6:43:19,557 PM] [2026-08-30 18:43:18] <PUB> TOP51 Inside_Pipe_Temp: 27
[30.08.2026, 6:43:19,570 PM] [2026-08-30 18:43:18] <PUB> TOP64 High_Pressure: 16.6
[30.08.2026, 6:43:19,570 PM] [2026-08-30 18:43:18] <PUB> TOP65 Pump_Speed: 3150
[30.08.2026, 6:43:19,570 PM] [2026-08-30 18:43:18] <PUB> TOP92 Pump_Duty: 125
[30.08.2026, 6:43:19,570 PM] [2026-08-30 18:43:18] <PUB> TOP104 Water_Pump_Mode: 1
[30.08.2026, 6:43:19,570 PM] [2026-08-30 18:43:18] <DBG> Decode topics ---------- End --------------------

[30.08.2026, 6:43:25,032 PM] [2026-08-30 18:43:23] <DBG> Register command/query
[30.08.2026, 6:43:25,155 PM] [2026-08-30 18:43:24] <DBG> Send query
[30.08.2026, 6:43:25,657 PM] [2026-08-30 18:43:24] <DBG> Valid data
[30.08.2026, 6:43:26,470 PM] [2026-08-30 18:43:24] <DBG> Decode topics ---------- Start ------------------
[30.08.2026, 6:43:26,470 PM] [2026-08-30 18:43:24] <PUB> TOP1 Pump_Flow: 27.70
[30.08.2026, 6:43:26,470 PM] [2026-08-30 18:43:24] <PUB> TOP5 Main_Inlet_Temp: 33.25
[30.08.2026, 6:43:26,470 PM] [2026-08-30 18:43:24] <PUB> TOP49 Main_Hex_Outlet_Temp: 29
[30.08.2026, 6:43:26,470 PM] [2026-08-30 18:43:24] <PUB> TOP64 High_Pressure: 17.2
[30.08.2026, 6:43:26,470 PM] [2026-08-30 18:43:24] <PUB> TOP65 Pump_Speed: 3100
[30.08.2026, 6:43:26,470 PM] [2026-08-30 18:43:24] <DBG> Decode topics ---------- End --------------------

[30.08.2026, 6:43:26,779 PM] [2026-08-30 18:43:25] <DBG> Callback from mqtt
[30.08.2026, 6:43:26,779 PM] [2026-08-30 18:43:25] <SUB> SET3 QuietMode: 0
[30.08.2026, 6:43:26,779 PM] [2026-08-30 18:43:25] <DBG> Register command/query
[30.08.2026, 6:43:27,021 PM] [2026-08-30 18:43:26] <DBG> Send command
[30.08.2026, 6:43:27,527 PM] [2026-08-30 18:43:26] <DBG> Valid data
[30.08.2026, 6:43:27,541 PM] [2026-08-30 18:43:26] <DBG> Decode topics ---------- Start ------------------
[30.08.2026, 6:43:27,541 PM] [2026-08-30 18:43:26] <PUB> TOP1 Pump_Flow: 29.13
[30.08.2026, 6:43:27,541 PM] [2026-08-30 18:43:26] <PUB> TOP5 Main_Inlet_Temp: 36.00
[30.08.2026, 6:43:27,541 PM] [2026-08-30 18:43:26] <PUB> TOP49 Main_Hex_Outlet_Temp: 31
[30.08.2026, 6:43:27,558 PM] [2026-08-30 18:43:26] <DBG> Decode topics ---------- End --------------------

[30.08.2026, 6:43:32,539 PM] [2026-08-30 18:43:31] <DBG> Register command/query
[30.08.2026, 6:43:33,048 PM] [2026-08-30 18:43:32] <DBG> Send query
[30.08.2026, 6:43:33,559 PM] [2026-08-30 18:43:32] <DBG> Valid data
[30.08.2026, 6:43:33,596 PM] [2026-08-30 18:43:32] <DBG> Decode topics ---------- Start ------------------
[30.08.2026, 6:43:33,596 PM] [2026-08-30 18:43:32] <PUB> TOP1 Pump_Flow: 31.64
[30.08.2026, 6:43:33,596 PM] [2026-08-30 18:43:32] <PUB> TOP5 Main_Inlet_Temp: 41.75
[30.08.2026, 6:43:33,596 PM] [2026-08-30 18:43:32] <PUB> TOP6 Main_Outlet_Temp: 29.00
[30.08.2026, 6:43:33,596 PM] [2026-08-30 18:43:32] <PUB> TOP21 Outside_Pipe_Temp: 27
[30.08.2026, 6:43:33,596 PM] [2026-08-30 18:43:32] <PUB> TOP49 Main_Hex_Outlet_Temp: 37
[30.08.2026, 6:43:33,596 PM] [2026-08-30 18:43:32] <PUB> TOP56 Z1_Temp: 29
[30.08.2026, 6:43:33,596 PM] [2026-08-30 18:43:32] <DBG> Decode topics ---------- End --------------------

[30.08.2026, 6:43:38,604 PM] [2026-08-30 18:43:37] <DBG> Register command/query
[30.08.2026, 6:43:39,063 PM] [2026-08-30 18:43:38] <DBG> Send query
[30.08.2026, 6:43:40,081 PM] [2026-08-30 18:43:38] <DBG> Valid data
[30.08.2026, 6:43:41,555 PM] [2026-08-30 18:43:38] <DBG> Decode topics ---------- Start ------------------
[30.08.2026, 6:43:41,555 PM] [2026-08-30 18:43:38] <PUB> TOP1 Pump_Flow: 32.71
[30.08.2026, 6:43:41,555 PM] [2026-08-30 18:43:38] <PUB> TOP5 Main_Inlet_Temp: 39.00
[30.08.2026, 6:43:41,555 PM] [2026-08-30 18:43:38] <PUB> TOP6 Main_Outlet_Temp: 31.00
[30.08.2026, 6:43:41,555 PM] [2026-08-30 18:43:38] <PUB> TOP49 Main_Hex_Outlet_Temp: 38
[30.08.2026, 6:43:41,555 PM] [2026-08-30 18:43:38] <PUB> TOP51 Inside_Pipe_Temp: 28
[30.08.2026, 6:43:41,555 PM] [2026-08-30 18:43:38] <PUB> TOP56 Z1_Temp: 31
[30.08.2026, 6:43:41,555 PM] [2026-08-30 18:43:38] <DBG> Decode topics ---------- End --------------------

[30.08.2026, 6:43:48,467 PM] [2026-08-30 18:43:47] <DBG> Register command/query
[30.08.2026, 6:43:49,407 PM] [2026-08-30 18:43:47] <DBG> Send query
[30.08.2026, 6:43:50,546 PM] [2026-08-30 18:43:48] <DBG> Valid data
[30.08.2026, 6:43:50,547 PM] [2026-08-30 18:43:48] <DBG> Decode topics ---------- Start ------------------
[30.08.2026, 6:43:50,547 PM] [2026-08-30 18:43:48] <DBG> Publish all topics
[30.08.2026, 6:43:50,547 PM] [2026-08-30 18:43:48] <PUB> TOP1 Pump_Flow: 26.27
[30.08.2026, 6:43:50,547 PM] [2026-08-30 18:43:48] <PUB> TOP5 Main_Inlet_Temp: 31.75
[30.08.2026, 6:43:50,547 PM] [2026-08-30 18:43:48] <PUB> TOP6 Main_Outlet_Temp: 32.50
[30.08.2026, 6:43:50,547 PM] [2026-08-30 18:43:48] <PUB> TOP49 Main_Hex_Outlet_Temp: 34
[30.08.2026, 6:43:50,547 PM] [2026-08-30 18:43:48] <PUB> TOP56 Z1_Temp: 32
[30.08.2026, 6:43:50,927 PM] [2026-08-30 18:43:49] <PUB> TOP65 Pump_Speed: 3150
[30.08.2026, 6:43:50,965 PM] [2026-08-30 18:43:49] <DBG> Decode topics ---------- End --------------------

[30.08.2026, 6:43:55,688 PM] [2026-08-30 18:43:54] <DBG> Register command/query
[30.08.2026, 6:43:56,187 PM] [2026-08-30 18:43:55] <DBG> Send query
[30.08.2026, 6:43:56,691 PM] [2026-08-30 18:43:55] <DBG> Valid data
[30.08.2026, 6:43:56,724 PM] [2026-08-30 18:43:55] <DBG> Decode topics ---------- Start ------------------
[30.08.2026, 6:43:56,725 PM] [2026-08-30 18:43:55] <PUB> TOP1 Pump_Flow: 23.05
[30.08.2026, 6:43:56,725 PM] [2026-08-30 18:43:55] <PUB> TOP5 Main_Inlet_Temp: 29.00
[30.08.2026, 6:43:56,725 PM] [2026-08-30 18:43:55] <PUB> TOP6 Main_Outlet_Temp: 32.25
[30.08.2026, 6:43:56,725 PM] [2026-08-30 18:43:55] <PUB> TOP49 Main_Hex_Outlet_Temp: 31
[30.08.2026, 6:43:56,725 PM] [2026-08-30 18:43:55] <PUB> TOP65 Pump_Speed: 3200
[30.08.2026, 6:43:56,725 PM] [2026-08-30 18:43:55] <DBG> Decode topics ---------- End --------------------

[30.08.2026, 6:44:01,723 PM] [2026-08-30 18:44:00] <DBG> Register command/query
[30.08.2026, 6:44:02,233 PM] [2026-08-30 18:44:01] <DBG> Send query
[30.08.2026, 6:44:02,818 PM] [2026-08-30 18:44:01] <DBG> Valid data
[30.08.2026, 6:44:02,940 PM] [2026-08-30 18:44:01] <DBG> Decode topics ---------- Start ------------------
[30.08.2026, 6:44:02,941 PM] [2026-08-30 18:44:01] <PUB> TOP5 Main_Inlet_Temp: 26.25
[30.08.2026, 6:44:02,941 PM] [2026-08-30 18:44:01] <PUB> TOP6 Main_Outlet_Temp: 31.75
[30.08.2026, 6:44:02,941 PM] [2026-08-30 18:44:01] <PUB> TOP10 DHW_Temp: 57
[30.08.2026, 6:44:02,941 PM] [2026-08-30 18:44:01] <PUB> TOP49 Main_Hex_Outlet_Temp: 30
[30.08.2026, 6:44:02,941 PM] [2026-08-30 18:44:01] <PUB> TOP51 Inside_Pipe_Temp: 27
[30.08.2026, 6:44:02,941 PM] [2026-08-30 18:44:01] <PUB> TOP56 Z1_Temp: 31
[30.08.2026, 6:44:02,941 PM] [2026-08-30 18:44:01] <PUB> TOP64 High_Pressure: 16.6
[30.08.2026, 6:44:02,941 PM] [2026-08-30 18:44:01] <DBG> Decode topics ---------- End --------------------

[30.08.2026, 6:44:07,745 PM] [2026-08-30 18:44:06] <DBG> Register command/query
[30.08.2026, 6:44:08,228 PM] [2026-08-30 18:44:07] <DBG> Send query
[30.08.2026, 6:44:08,752 PM] [2026-08-30 18:44:07] <DBG> Valid data
[30.08.2026, 6:44:09,700 PM] [2026-08-30 18:44:07] <DBG> Decode topics ---------- Start ------------------
[30.08.2026, 6:44:09,700 PM] [2026-08-30 18:44:07] <PUB> TOP5 Main_Inlet_Temp: 24.50
[30.08.2026, 6:44:09,700 PM] [2026-08-30 18:44:07] <PUB> TOP6 Main_Outlet_Temp: 31.00
[30.08.2026, 6:44:09,700 PM] [2026-08-30 18:44:07] <PUB> TOP49 Main_Hex_Outlet_Temp: 28
[30.08.2026, 6:44:09,700 PM] [2026-08-30 18:44:07] <PUB> TOP51 Inside_Pipe_Temp: 26
[30.08.2026, 6:44:09,700 PM] [2026-08-30 18:44:07] <PUB> TOP64 High_Pressure: 16.4
[30.08.2026, 6:44:09,700 PM] [2026-08-30 18:44:07] <DBG> Decode topics ---------- End --------------------

[30.08.2026, 6:44:13,771 PM] [2026-08-30 18:44:12] <DBG> Register command/query
[30.08.2026, 6:44:14,283 PM] [2026-08-30 18:44:13] <DBG> Send query
[30.08.2026, 6:44:14,798 PM] [2026-08-30 18:44:13] <DBG> Valid data
[30.08.2026, 6:44:14,839 PM] [2026-08-30 18:44:13] <DBG> Decode topics ---------- Start ------------------
[30.08.2026, 6:44:14,839 PM] [2026-08-30 18:44:13] <PUB> TOP5 Main_Inlet_Temp: 23.00
[30.08.2026, 6:44:14,839 PM] [2026-08-30 18:44:13] <PUB> TOP6 Main_Outlet_Temp: 30.25
[30.08.2026, 6:44:14,839 PM] [2026-08-30 18:44:13] <PUB> TOP49 Main_Hex_Outlet_Temp: 26
[30.08.2026, 6:44:14,839 PM] [2026-08-30 18:44:13] <PUB> TOP51 Inside_Pipe_Temp: 25
[30.08.2026, 6:44:14,839 PM] [2026-08-30 18:44:13] <PUB> TOP56 Z1_Temp: 30
[30.08.2026, 6:44:14,839 PM] [2026-08-30 18:44:13] <PUB> TOP64 High_Pressure: 16.2
[30.08.2026, 6:44:14,839 PM] [2026-08-30 18:44:13] <DBG> Decode topics ---------- End --------------------

[30.08.2026, 6:44:21,228 PM] [2026-08-30 18:44:20] <DBG> Register command/query
[30.08.2026, 6:44:21,631 PM] [2026-08-30 18:44:20] <DBG> Send query
[30.08.2026, 6:44:22,145 PM] [2026-08-30 18:44:21] <DBG> Valid data
[30.08.2026, 6:44:22,179 PM] [2026-08-30 18:44:21] <DBG> Decode topics ---------- Start ------------------
[30.08.2026, 6:44:22,179 PM] [2026-08-30 18:44:21] <PUB> TOP5 Main_Inlet_Temp: 22.25
[30.08.2026, 6:44:22,179 PM] [2026-08-30 18:44:21] <PUB> TOP6 Main_Outlet_Temp: 29.50
[30.08.2026, 6:44:22,179 PM] [2026-08-30 18:44:21] <PUB> TOP49 Main_Hex_Outlet_Temp: 25
[30.08.2026, 6:44:22,179 PM] [2026-08-30 18:44:21] <PUB> TOP56 Z1_Temp: 29
[30.08.2026, 6:44:22,180 PM] [2026-08-30 18:44:21] <PUB> TOP64 High_Pressure: 15.6
[30.08.2026, 6:44:22,180 PM] [2026-08-30 18:44:21] <DBG> Decode topics ---------- End --------------------

[30.08.2026, 6:44:27,170 PM] [2026-08-30 18:44:26] <DBG> Register command/query
[30.08.2026, 6:44:27,652 PM] [2026-08-30 18:44:26] <DBG> Send query
[30.08.2026, 6:44:28,156 PM] [2026-08-30 18:44:27] <DBG> Valid data
[30.08.2026, 6:44:28,171 PM] [2026-08-30 18:44:27] <DBG> Decode topics ---------- Start ------------------
[30.08.2026, 6:44:28,171 PM] [2026-08-30 18:44:27] <PUB> TOP6 Main_Outlet_Temp: 28.25
[30.08.2026, 6:44:28,171 PM] [2026-08-30 18:44:27] <PUB> TOP21 Outside_Pipe_Temp: 26
[30.08.2026, 6:44:28,187 PM] [2026-08-30 18:44:27] <PUB> TOP49 Main_Hex_Outlet_Temp: 24
[30.08.2026, 6:44:28,187 PM] [2026-08-30 18:44:27] <PUB> TOP51 Inside_Pipe_Temp: 24
[30.08.2026, 6:44:28,187 PM] [2026-08-30 18:44:27] <PUB> TOP56 Z1_Temp: 28
[30.08.2026, 6:44:28,187 PM] [2026-08-30 18:44:27] <PUB> TOP64 High_Pressure: 15.4
[30.08.2026, 6:44:28,187 PM] [2026-08-30 18:44:27] <DBG> Decode topics ---------- End --------------------

[30.08.2026, 6:44:33,174 PM] [2026-08-30 18:44:32] <DBG> Register command/query
[30.08.2026, 6:44:33,695 PM] [2026-08-30 18:44:32] <DBG> Send query
[30.08.2026, 6:44:34,182 PM] [2026-08-30 18:44:33] <DBG> Valid data
[30.08.2026, 6:44:34,216 PM] [2026-08-30 18:44:33] <DBG> Decode topics ---------- Start ------------------
[30.08.2026, 6:44:34,216 PM] [2026-08-30 18:44:33] <PUB> TOP6 Main_Outlet_Temp: 28.00
[30.08.2026, 6:44:34,216 PM] [2026-08-30 18:44:33] <DBG> Decode topics ---------- End --------------------

[30.08.2026, 6:44:39,193 PM] [2026-08-30 18:44:38] <DBG> Register command/query
[30.08.2026, 6:44:39,693 PM] [2026-08-30 18:44:38] <DBG> Send query
[30.08.2026, 6:44:40,193 PM] [2026-08-30 18:44:39] <DBG> Valid data
[30.08.2026, 6:44:40,214 PM] [2026-08-30 18:44:39] <DBG> Decode topics ---------- Start ------------------
[30.08.2026, 6:44:40,214 PM] [2026-08-30 18:44:39] <PUB> TOP6 Main_Outlet_Temp: 27.25
[30.08.2026, 6:44:40,214 PM] [2026-08-30 18:44:39] <PUB> TOP21 Outside_Pipe_Temp: 25
[30.08.2026, 6:44:40,227 PM] [2026-08-30 18:44:39] <PUB> TOP56 Z1_Temp: 27
[30.08.2026, 6:44:40,227 PM] [2026-08-30 18:44:39] <DBG> Decode topics ---------- End --------------------

[30.08.2026, 6:44:45,209 PM] [2026-08-30 18:44:44] <DBG> Register command/query
[30.08.2026, 6:44:45,710 PM] [2026-08-30 18:44:44] <DBG> Send query
[30.08.2026, 6:44:46,219 PM] [2026-08-30 18:44:45] <DBG> Valid data
[30.08.2026, 6:44:46,287 PM] [2026-08-30 18:44:45] <DBG> Decode topics ---------- Start ------------------
[30.08.2026, 6:44:46,287 PM] [2026-08-30 18:44:45] <PUB> TOP1 Pump_Flow: 22.69
[30.08.2026, 6:44:46,287 PM] [2026-08-30 18:44:45] <PUB> TOP6 Main_Outlet_Temp: 26.50
[30.08.2026, 6:44:46,287 PM] [2026-08-30 18:44:45] <PUB> TOP49 Main_Hex_Outlet_Temp: 23
[30.08.2026, 6:44:46,287 PM] [2026-08-30 18:44:45] <PUB> TOP56 Z1_Temp: 26
[30.08.2026, 6:44:46,287 PM] [2026-08-30 18:44:45] <DBG> Decode topics ---------- End --------------------

[30.08.2026, 6:44:51,237 PM] [2026-08-30 18:44:50] <DBG> Register command/query
[30.08.2026, 6:44:51,742 PM] [2026-08-30 18:44:50] <DBG> Send query
[30.08.2026, 6:44:52,253 PM] [2026-08-30 18:44:51] <DBG> Valid data
[30.08.2026, 6:44:52,288 PM] [2026-08-30 18:44:51] <DBG> Decode topics ---------- Start ------------------
[30.08.2026, 6:44:52,288 PM] [2026-08-30 18:44:51] <PUB> TOP6 Main_Outlet_Temp: 26.00
[30.08.2026, 6:44:52,288 PM] [2026-08-30 18:44:51] <DBG> Decode topics ---------- End --------------------

[30.08.2026, 6:44:57,248 PM] [2026-08-30 18:44:56] <DBG> Register command/query
[30.08.2026, 6:44:57,747 PM] [2026-08-30 18:44:56] <DBG> Send query
[30.08.2026, 6:44:58,255 PM] [2026-08-30 18:44:57] <DBG> Valid data
[30.08.2026, 6:44:58,266 PM] [2026-08-30 18:44:57] <DBG> Decode topics ---------- Start ------------------
[30.08.2026, 6:44:58,267 PM] [2026-08-30 18:44:57] <PUB> TOP1 Pump_Flow: 23.05
[30.08.2026, 6:44:58,267 PM] [2026-08-30 18:44:57] <PUB> TOP5 Main_Inlet_Temp: 22.75
[30.08.2026, 6:44:58,267 PM] [2026-08-30 18:44:57] <PUB> TOP6 Main_Outlet_Temp: 25.75
[30.08.2026, 6:44:58,267 PM] [2026-08-30 18:44:57] <PUB> TOP21 Outside_Pipe_Temp: 24
[30.08.2026, 6:44:58,280 PM] [2026-08-30 18:44:57] <PUB> TOP56 Z1_Temp: 25
[30.08.2026, 6:44:58,280 PM] [2026-08-30 18:44:57] <DBG> Decode topics ---------- End --------------------

[30.08.2026, 6:45:03,269 PM] [2026-08-30 18:45:02] <DBG> Register command/query
[30.08.2026, 6:45:03,805 PM] [2026-08-30 18:45:02] <DBG> Send query
[30.08.2026, 6:45:04,275 PM] [2026-08-30 18:45:03] <DBG> Valid data
[30.08.2026, 6:45:04,309 PM] [2026-08-30 18:45:03] <DBG> Decode topics ---------- Start ------------------
[30.08.2026, 6:45:04,309 PM] [2026-08-30 18:45:03] <PUB> TOP5 Main_Inlet_Temp: 22.25
[30.08.2026, 6:45:04,309 PM] [2026-08-30 18:45:03] <PUB> TOP6 Main_Outlet_Temp: 25.50
[30.08.2026, 6:45:04,309 PM] [2026-08-30 18:45:03] <DBG> Decode topics ---------- End --------------------

[30.08.2026, 6:45:09,288 PM] [2026-08-30 18:45:08] <DBG> Register command/query
[30.08.2026, 6:45:10,101 PM] [2026-08-30 18:45:08] <DBG> Send query
[30.08.2026, 6:45:10,424 PM] [2026-08-30 18:45:09] <DBG> Valid data
[30.08.2026, 6:45:10,778 PM] [2026-08-30 18:45:09] <DBG> Decode topics ---------- Start ------------------
[30.08.2026, 6:45:10,778 PM] [2026-08-30 18:45:09] <PUB> TOP6 Main_Outlet_Temp: 25.00
[30.08.2026, 6:45:10,778 PM] [2026-08-30 18:45:09] <PUB> TOP10 DHW_Temp: 58
[30.08.2026, 6:45:10,778 PM] [2026-08-30 18:45:09] <DBG> Decode topics ---------- End --------------------

[30.08.2026, 6:45:15,301 PM] [2026-08-30 18:45:14] <DBG> Register command/query
[30.08.2026, 6:45:15,803 PM] [2026-08-30 18:45:14] <DBG> Send query
[30.08.2026, 6:45:16,320 PM] [2026-08-30 18:45:15] <DBG> Valid data
[30.08.2026, 6:45:16,498 PM] [2026-08-30 18:45:15] <DBG> Decode topics ---------- Start ------------------
[30.08.2026, 6:45:16,498 PM] [2026-08-30 18:45:15] <DBG> Decode topics ---------- End --------------------

[30.08.2026, 6:45:21,319 PM] [2026-08-30 18:45:20] <DBG> Register command/query
[30.08.2026, 6:45:21,841 PM] [2026-08-30 18:45:20] <DBG> Send query
[30.08.2026, 6:45:22,335 PM] [2026-08-30 18:45:21] <DBG> Valid data
[30.08.2026, 6:45:24,293 PM] [2026-08-30 18:45:21] <DBG> Decode topics ---------- Start ------------------
[30.08.2026, 6:45:24,294 PM] [2026-08-30 18:45:21] <PUB> TOP6 Main_Outlet_Temp: 24.75
[30.08.2026, 6:45:24,294 PM] [2026-08-30 18:45:21] <PUB> TOP15 Heat_Energy_Production: 3600
[30.08.2026, 6:45:24,294 PM] [2026-08-30 18:45:21] <PUB> TOP16 Heat_Energy_Consumption: 3000
[30.08.2026, 6:45:24,294 PM] [2026-08-30 18:45:21] <PUB> TOP56 Z1_Temp: 24
[30.08.2026, 6:45:24,294 PM] [2026-08-30 18:45:21] <PUB> TOP60 Internal_Heater_State: 1
[30.08.2026, 6:45:24,294 PM] [2026-08-30 18:45:21] <PUB> TOP65 Pump_Speed: 3150
[30.08.2026, 6:45:24,294 PM] [2026-08-30 18:45:21] <DBG> Decode topics ---------- End --------------------

[30.08.2026, 6:45:27,406 PM] [2026-08-30 18:45:26] <DBG> Register command/query
[30.08.2026, 6:45:27,908 PM] [2026-08-30 18:45:26] <DBG> Send query
[30.08.2026, 6:45:28,531 PM] [2026-08-30 18:45:27] <DBG> Valid data
[30.08.2026, 6:45:28,582 PM] [2026-08-30 18:45:27] <DBG> Decode topics ---------- Start ------------------
[30.08.2026, 6:45:28,582 PM] [2026-08-30 18:45:27] <PUB> TOP1 Pump_Flow: 22.33
[30.08.2026, 6:45:28,582 PM] [2026-08-30 18:45:27] <PUB> TOP15 Heat_Energy_Production: 3400
[30.08.2026, 6:45:28,582 PM] [2026-08-30 18:45:27] <DBG> Decode topics ---------- End --------------------

[30.08.2026, 6:45:29,907 PM] [2026-08-30 18:45:28] <DBG> Callback from mqtt
[30.08.2026, 6:45:30,904 PM] [2026-08-30 18:45:28] <SUB> SET5 Z1HeatRequestTemperature: 29
[30.08.2026, 6:45:30,904 PM] [2026-08-30 18:45:28] <DBG> Register command/query
[30.08.2026, 6:45:30,904 PM] [2026-08-30 18:45:28] <DBG> Callback from mqtt
[30.08.2026, 6:45:30,904 PM] [2026-08-30 18:45:28] <SUB> SET6 Z1CoolRequestTemperature: 20
[30.08.2026, 6:45:30,904 PM] [2026-08-30 18:45:28] <DBG> Register command/query
[30.08.2026, 6:45:30,904 PM] [2026-08-30 18:45:29] <DBG> Callback from mqtt
[30.08.2026, 6:45:30,904 PM] [2026-08-30 18:45:29] <SUB> SET1 Heatpump: 0
[30.08.2026, 6:45:30,904 PM] [2026-08-30 18:45:29] <DBG> Register command/query
[30.08.2026, 6:45:30,904 PM] [2026-08-30 18:45:29] <DBG> Callback from mqtt
[30.08.2026, 6:45:30,904 PM] [2026-08-30 18:45:29] <SUB> SET39 ForceHeater: 1
[30.08.2026, 6:45:30,904 PM] [2026-08-30 18:45:29] <DBG> Register command/query
[30.08.2026, 6:45:30,904 PM] [2026-08-30 18:45:29] <DBG> Callback from mqtt
[30.08.2026, 6:45:30,904 PM] [2026-08-30 18:45:29] <SUB> SET9 OperationMode: 4
[30.08.2026, 6:45:30,904 PM] [2026-08-30 18:45:29] <DBG> Register command/query
[30.08.2026, 6:45:30,904 PM] [2026-08-30 18:45:29] <DBG> Callback from mqtt
[30.08.2026, 6:45:30,904 PM] [2026-08-30 18:45:29] <SUB> SET14 WaterPump: 1
[30.08.2026, 6:45:30,904 PM] [2026-08-30 18:45:29] <DBG> Register command/query
[30.08.2026, 6:45:30,904 PM] [2026-08-30 18:45:29] <DBG> Callback from mqtt
[30.08.2026, 6:45:30,904 PM] [2026-08-30 18:45:29] <SUB> SET15 WaterPumpSpeed: 125
[30.08.2026, 6:45:30,904 PM] [2026-08-30 18:45:29] <DBG> Register command/query
[30.08.2026, 6:45:31,389 PM] [2026-08-30 18:45:29] <DBG> Send command
[30.08.2026, 6:45:31,469 PM] [2026-08-30 18:45:30] <DBG> Valid data
[30.08.2026, 6:45:31,469 PM] [2026-08-30 18:45:30] <DBG> Decode topics ---------- Start ------------------
[30.08.2026, 6:45:31,469 PM] [2026-08-30 18:45:30] <PUB> TOP1 Pump_Flow: 22.69
[30.08.2026, 6:45:31,469 PM] [2026-08-30 18:45:30] <PUB> TOP6 Main_Outlet_Temp: 24.25
[30.08.2026, 6:45:31,469 PM] [2026-08-30 18:45:30] <PUB> TOP15 Heat_Energy_Production: 3000
[30.08.2026, 6:45:31,469 PM] [2026-08-30 18:45:30] <DBG> Decode topics ---------- End --------------------

[30.08.2026, 6:45:36,153 PM] [2026-08-30 18:45:35] <DBG> Register command/query
[30.08.2026, 6:45:36,764 PM] [2026-08-30 18:45:35] <DBG> Send query
[30.08.2026, 6:45:37,408 PM] [2026-08-30 18:45:36] <DBG> Valid data
[30.08.2026, 6:45:37,684 PM] [2026-08-30 18:45:36] <DBG> Decode topics ---------- Start ------------------
[30.08.2026, 6:45:37,684 PM] [2026-08-30 18:45:36] <PUB> TOP5 Main_Inlet_Temp: 22.00
[30.08.2026, 6:45:37,685 PM] [2026-08-30 18:45:36] <PUB> TOP15 Heat_Energy_Production: 3600
[30.08.2026, 6:45:37,685 PM] [2026-08-30 18:45:36] <PUB> TOP64 High_Pressure: 15.2
[30.08.2026, 6:45:37,685 PM] [2026-08-30 18:45:36] <DBG> Decode topics ---------- End --------------------

[30.08.2026, 6:45:42,163 PM] [2026-08-30 18:45:41] <DBG> Register command/query
[30.08.2026, 6:45:42,664 PM] [2026-08-30 18:45:41] <DBG> Send query
[30.08.2026, 6:45:43,169 PM] [2026-08-30 18:45:42] <DBG> Valid data
[30.08.2026, 6:45:43,196 PM] [2026-08-30 18:45:42] <DBG> Decode topics ---------- Start ------------------
[30.08.2026, 6:45:43,196 PM] [2026-08-30 18:45:42] <PUB> TOP1 Pump_Flow: 23.05
[30.08.2026, 6:45:43,196 PM] [2026-08-30 18:45:42] <PUB> TOP5 Main_Inlet_Temp: 22.25
[30.08.2026, 6:45:43,196 PM] [2026-08-30 18:45:42] <PUB> TOP15 Heat_Energy_Production: 3000
[30.08.2026, 6:45:43,197 PM] [2026-08-30 18:45:42] <PUB> TOP64 High_Pressure: 15.4
[30.08.2026, 6:45:43,197 PM] [2026-08-30 18:45:42] <DBG> Decode topics ---------- End --------------------

[30.08.2026, 6:45:48,186 PM] [2026-08-30 18:45:47] <DBG> Register command/query
[30.08.2026, 6:45:48,691 PM] [2026-08-30 18:45:47] <DBG> Send query
[30.08.2026, 6:45:49,194 PM] [2026-08-30 18:45:48] <DBG> Valid data
[30.08.2026, 6:45:49,220 PM] [2026-08-30 18:45:48] <DBG> Decode topics ---------- Start ------------------
[30.08.2026, 6:45:49,221 PM] [2026-08-30 18:45:48] <PUB> TOP1 Pump_Flow: 22.33
[30.08.2026, 6:45:49,221 PM] [2026-08-30 18:45:48] <PUB> TOP5 Main_Inlet_Temp: 22.75
[30.08.2026, 6:45:49,221 PM] [2026-08-30 18:45:48] <PUB> TOP6 Main_Outlet_Temp: 24.75
[30.08.2026, 6:45:49,221 PM] [2026-08-30 18:45:48] <DBG> Decode topics ---------- End --------------------

[30.08.2026, 6:45:54,208 PM] [2026-08-30 18:45:53] <DBG> Register command/query
[30.08.2026, 6:45:54,713 PM] [2026-08-30 18:45:53] <DBG> Send query
[30.08.2026, 6:45:55,211 PM] [2026-08-30 18:45:54] <DBG> Valid data
[30.08.2026, 6:45:55,247 PM] [2026-08-30 18:45:54] <DBG> Decode topics ---------- Start ------------------
[30.08.2026, 6:45:55,247 PM] [2026-08-30 18:45:54] <PUB> TOP1 Pump_Flow: 22.69
[30.08.2026, 6:45:55,247 PM] [2026-08-30 18:45:54] <PUB> TOP5 Main_Inlet_Temp: 23.00
[30.08.2026, 6:45:55,247 PM] [2026-08-30 18:45:54] <PUB> TOP15 Heat_Energy_Production: 2400
[30.08.2026, 6:45:55,247 PM] [2026-08-30 18:45:54] <PUB> TOP49 Main_Hex_Outlet_Temp: 24
[30.08.2026, 6:45:55,247 PM] [2026-08-30 18:45:54] <DBG> Decode topics ---------- End --------------------

[30.08.2026, 6:46:00,229 PM] [2026-08-30 18:45:59] <DBG> Register command/query
[30.08.2026, 6:46:00,730 PM] [2026-08-30 18:45:59] <DBG> Send query
[30.08.2026, 6:46:01,235 PM] [2026-08-30 18:46:00] <DBG> Valid data
[30.08.2026, 6:46:01,269 PM] [2026-08-30 18:46:00] <DBG> Decode topics ---------- Start ------------------
[30.08.2026, 6:46:01,270 PM] [2026-08-30 18:46:00] <PUB> TOP5 Main_Inlet_Temp: 23.50
[30.08.2026, 6:46:01,270 PM] [2026-08-30 18:46:00] <PUB> TOP15 Heat_Energy_Production: 1800
[30.08.2026, 6:46:01,270 PM] [2026-08-30 18:46:00] <DBG> Decode topics ---------- End --------------------

[30.08.2026, 6:46:06,246 PM] [2026-08-30 18:46:05] <DBG> Register command/query
[30.08.2026, 6:46:06,747 PM] [2026-08-30 18:46:05] <DBG> Send query
[30.08.2026, 6:46:07,252 PM] [2026-08-30 18:46:06] <DBG> Valid data
[30.08.2026, 6:46:07,279 PM] [2026-08-30 18:46:06] <DBG> Decode topics ---------- Start ------------------
[30.08.2026, 6:46:07,279 PM] [2026-08-30 18:46:06] <PUB> TOP6 Main_Outlet_Temp: 25.00
[30.08.2026, 6:46:07,279 PM] [2026-08-30 18:46:06] <PUB> TOP15 Heat_Energy_Production: 2400
[30.08.2026, 6:46:07,279 PM] [2026-08-30 18:46:06] <PUB> TOP56 Z1_Temp: 25
[30.08.2026, 6:46:07,280 PM] [2026-08-30 18:46:06] <DBG> Decode topics ---------- End --------------------

[30.08.2026, 6:46:12,263 PM] [2026-08-30 18:46:11] <DBG> Register command/query
[30.08.2026, 6:46:12,763 PM] [2026-08-30 18:46:11] <DBG> Send query
[30.08.2026, 6:46:13,270 PM] [2026-08-30 18:46:12] <DBG> Valid data
[30.08.2026, 6:46:13,283 PM] [2026-08-30 18:46:12] <DBG> Decode topics ---------- Start ------------------
[30.08.2026, 6:46:13,283 PM] [2026-08-30 18:46:12] <PUB> TOP1 Pump_Flow: 23.05
[30.08.2026, 6:46:13,283 PM] [2026-08-30 18:46:12] <PUB> TOP5 Main_Inlet_Temp: 23.75
[30.08.2026, 6:46:13,283 PM] [2026-08-30 18:46:12] <PUB> TOP15 Heat_Energy_Production: 1800
[30.08.2026, 6:46:13,283 PM] [2026-08-30 18:46:12] <DBG> Decode topics ---------- End --------------------

[30.08.2026, 6:46:18,281 PM] [2026-08-30 18:46:17] <DBG> Register command/query
[30.08.2026, 6:46:18,782 PM] [2026-08-30 18:46:17] <DBG> Send query
[30.08.2026, 6:46:19,291 PM] [2026-08-30 18:46:18] <DBG> Valid data
[30.08.2026, 6:46:19,335 PM] [2026-08-30 18:46:18] <DBG> Decode topics ---------- Start ------------------
[30.08.2026, 6:46:19,335 PM] [2026-08-30 18:46:18] <PUB> TOP1 Pump_Flow: 22.69
[30.08.2026, 6:46:19,335 PM] [2026-08-30 18:46:18] <PUB> TOP6 Main_Outlet_Temp: 25.50
[30.08.2026, 6:46:19,335 PM] [2026-08-30 18:46:18] <PUB> TOP15 Heat_Energy_Production: 2400
[30.08.2026, 6:46:19,335 PM] [2026-08-30 18:46:18] <DBG> Decode topics ---------- End --------------------

[30.08.2026, 6:46:24,299 PM] [2026-08-30 18:46:23] <DBG> Register command/query
[30.08.2026, 6:46:24,800 PM] [2026-08-30 18:46:23] <DBG> Send query
[30.08.2026, 6:46:25,466 PM] [2026-08-30 18:46:24] <DBG> Valid data
[30.08.2026, 6:46:25,534 PM] [2026-08-30 18:46:24] <DBG> Decode topics ---------- Start ------------------
[30.08.2026, 6:46:25,534 PM] [2026-08-30 18:46:24] <PUB> TOP1 Pump_Flow: 23.05
[30.08.2026, 6:46:25,534 PM] [2026-08-30 18:46:24] <DBG> Decode topics ---------- End --------------------

[30.08.2026, 6:46:30,509 PM] [2026-08-30 18:46:29] <DBG> Register command/query
[30.08.2026, 6:46:30,974 PM] [2026-08-30 18:46:29] <DBG> Send query
[30.08.2026, 6:46:31,482 PM] [2026-08-30 18:46:30] <DBG> Valid data
[30.08.2026, 6:46:31,514 PM] [2026-08-30 18:46:30] <DBG> Decode topics ---------- Start ------------------
[30.08.2026, 6:46:31,514 PM] [2026-08-30 18:46:30] <PUB> TOP1 Pump_Flow: 22.69
[30.08.2026, 6:46:31,514 PM] [2026-08-30 18:46:30] <PUB> TOP6 Main_Outlet_Temp: 25.75
[30.08.2026, 6:46:31,514 PM] [2026-08-30 18:46:30] <PUB> TOP15 Heat_Energy_Production: 3000
[30.08.2026, 6:46:31,514 PM] [2026-08-30 18:46:30] <DBG> Decode topics ---------- End --------------------

[30.08.2026, 6:46:36,495 PM] [2026-08-30 18:46:35] <DBG> Register command/query
[30.08.2026, 6:46:36,993 PM] [2026-08-30 18:46:36] <DBG> Send query
[30.08.2026, 6:46:37,500 PM] [2026-08-30 18:46:36] <DBG> Valid data
[30.08.2026, 6:46:37,517 PM] [2026-08-30 18:46:36] <DBG> Decode topics ---------- Start ------------------
[30.08.2026, 6:46:37,517 PM] [2026-08-30 18:46:36] <DBG> Decode topics ---------- End --------------------

[30.08.2026, 6:46:37,739 PM] [2026-08-30 18:46:36] <DBG> Callback from mqtt
[30.08.2026, 6:46:37,771 PM] [2026-08-30 18:46:36] <SUB> SET5 Z1HeatRequestTemperature: 24
[30.08.2026, 6:46:37,771 PM] [2026-08-30 18:46:36] <DBG> Register command/query
[30.08.2026, 6:46:37,771 PM] [2026-08-30 18:46:36] <DBG> Callback from mqtt
[30.08.2026, 6:46:37,772 PM] [2026-08-30 18:46:36] <SUB> SET1 Heatpump: 1
[30.08.2026, 6:46:37,772 PM] [2026-08-30 18:46:36] <DBG> Register command/query
[30.08.2026, 6:46:37,772 PM] [2026-08-30 18:46:36] <DBG> Callback from mqtt
[30.08.2026, 6:46:37,772 PM] [2026-08-30 18:46:36] <SUB> SET39 ForceHeater: 0
[30.08.2026, 6:46:37,772 PM] [2026-08-30 18:46:36] <DBG> Register command/query
[30.08.2026, 6:46:37,772 PM] [2026-08-30 18:46:36] <DBG> Callback from mqtt
[30.08.2026, 6:46:37,772 PM] [2026-08-30 18:46:36] <SUB> SET14 WaterPump: 0
[30.08.2026, 6:46:37,772 PM] [2026-08-30 18:46:36] <DBG> Register command/query
[30.08.2026, 6:46:38,278 PM] [2026-08-30 18:46:37] <DBG> Send command
[30.08.2026, 6:46:38,758 PM] [2026-08-30 18:46:37] <DBG> Valid data
[30.08.2026, 6:46:38,785 PM] [2026-08-30 18:46:37] <DBG> Decode topics ---------- Start ------------------
[30.08.2026, 6:46:38,785 PM] [2026-08-30 18:46:37] <PUB> TOP1 Pump_Flow: 22.33
[30.08.2026, 6:46:38,785 PM] [2026-08-30 18:46:37] <DBG> Decode topics ---------- End --------------------

[30.08.2026, 6:46:43,789 PM] [2026-08-30 18:46:42] <DBG> Register command/query
[30.08.2026, 6:46:44,280 PM] [2026-08-30 18:46:43] <DBG> Send query
[30.08.2026, 6:46:44,785 PM] [2026-08-30 18:46:43] <DBG> Valid data
[30.08.2026, 6:46:44,797 PM] [2026-08-30 18:46:43] <DBG> Decode topics ---------- Start ------------------
[30.08.2026, 6:46:44,797 PM] [2026-08-30 18:46:43] <PUB> TOP0 Heatpump_State: 1
[30.08.2026, 6:46:44,797 PM] [2026-08-30 18:46:43] <PUB> TOP1 Pump_Flow: 17.32
[30.08.2026, 6:46:44,844 PM] [2026-08-30 18:46:43] <PUB> TOP7 Main_Target_Temp: 24
[30.08.2026, 6:46:44,844 PM] [2026-08-30 18:46:43] <PUB> TOP15 Heat_Energy_Production: 0
[30.08.2026, 6:46:44,844 PM] [2026-08-30 18:46:43] <PUB> TOP16 Heat_Energy_Consumption: 0
[30.08.2026, 6:46:44,844 PM] [2026-08-30 18:46:43] <PUB> TOP27 Z1_Heat_Request_Temp: 24
[30.08.2026, 6:46:44,844 PM] [2026-08-30 18:46:43] <PUB> TOP29 Z1_Heat_Curve_Target_High_Temp: 24
[30.08.2026, 6:46:44,844 PM] [2026-08-30 18:46:43] <PUB> TOP42 Z1_Water_Target_Temp: 24
[30.08.2026, 6:46:44,844 PM] [2026-08-30 18:46:43] <PUB> TOP60 Internal_Heater_State: 0
[30.08.2026, 6:46:44,844 PM] [2026-08-30 18:46:43] <PUB> TOP65 Pump_Speed: 2750
[30.08.2026, 6:46:44,844 PM] [2026-08-30 18:46:43] <PUB> TOP68 Force_Heater_State: 0
[30.08.2026, 6:46:44,844 PM] [2026-08-30 18:46:43] <PUB> TOP92 Pump_Duty: 111
[30.08.2026, 6:46:44,844 PM] [2026-08-30 18:46:43] <PUB> TOP104 Water_Pump_Mode: 0
[30.08.2026, 6:46:44,844 PM] [2026-08-30 18:46:43] <DBG> Decode topics ---------- End --------------------

[30.08.2026, 6:46:49,821 PM] [2026-08-30 18:46:48] <DBG> Register command/query
[30.08.2026, 6:46:50,305 PM] [2026-08-30 18:46:49] <DBG> Send query
[30.08.2026, 6:46:50,810 PM] [2026-08-30 18:46:49] <DBG> Valid data
[30.08.2026, 6:46:50,840 PM] [2026-08-30 18:46:49] <DBG> Decode topics ---------- Start ------------------
[30.08.2026, 6:46:50,840 PM] [2026-08-30 18:46:49] <PUB> TOP0 Heatpump_State: 0
[30.08.2026, 6:46:50,840 PM] [2026-08-30 18:46:49] <PUB> TOP1 Pump_Flow: 16.60
[30.08.2026, 6:46:50,840 PM] [2026-08-30 18:46:49] <PUB> TOP65 Pump_Speed: 2700
[30.08.2026, 6:46:50,871 PM] [2026-08-30 18:46:49] <PUB> TOP92 Pump_Duty: 110
[30.08.2026, 6:46:50,871 PM] [2026-08-30 18:46:49] <DBG> Decode topics ---------- End --------------------

[30.08.2026, 6:46:56,001 PM] [2026-08-30 18:46:54] <DBG> Register command/query
[30.08.2026, 6:47:07,343 PM] [2026-08-30 18:47:05] <DBG> Send query
[30.08.2026, 6:47:07,822 PM] [2026-08-30 18:47:05] <DBG> Valid data
[30.08.2026, 6:47:07,822 PM] [2026-08-30 18:47:05] <DBG> Decode topics ---------- Start ------------------
[30.08.2026, 6:47:07,822 PM] [2026-08-30 18:47:05] <PUB> TOP1 Pump_Flow: 0.13
[30.08.2026, 6:47:07,822 PM] [2026-08-30 18:47:05] <PUB> TOP64 High_Pressure: 15.6
[30.08.2026, 6:47:07,822 PM] [2026-08-30 18:47:05] <PUB> TOP65 Pump_Speed: 0
[30.08.2026, 6:47:07,823 PM] [2026-08-30 18:47:05] <PUB> TOP92 Pump_Duty: 0
[30.08.2026, 6:47:07,823 PM] [2026-08-30 18:47:05] <DBG> Decode topics ---------- End --------------------

[30.08.2026, 6:47:11,904 PM] [2026-08-30 18:47:10] <DBG> Register command/query
[30.08.2026, 6:47:12,402 PM] [2026-08-30 18:47:11] <DBG> Send query
[30.08.2026, 6:47:12,915 PM] [2026-08-30 18:47:11] <DBG> Valid data
[30.08.2026, 6:47:12,942 PM] [2026-08-30 18:47:11] <DBG> Decode topics ---------- Start ------------------
[30.08.2026, 6:47:12,942 PM] [2026-08-30 18:47:11] <PUB> TOP64 High_Pressure: 15.4
[30.08.2026, 6:47:12,942 PM] [2026-08-30 18:47:11] <DBG> Decode topics ---------- End --------------------

[30.08.2026, 6:47:17,927 PM] [2026-08-30 18:47:16] <DBG> Register command/query
[30.08.2026, 6:47:18,433 PM] [2026-08-30 18:47:17] <DBG> Send query
[30.08.2026, 6:47:18,932 PM] [2026-08-30 18:47:17] <DBG> Valid data
[30.08.2026, 6:47:19,123 PM] [2026-08-30 18:47:17] <DBG> Decode topics ---------- Start ------------------
[30.08.2026, 6:47:19,123 PM] [2026-08-30 18:47:17] <PUB> TOP6 Main_Outlet_Temp: 25.50
[30.08.2026, 6:47:19,123 PM] [2026-08-30 18:47:17] <PUB> TOP64 High_Pressure: 15.6
[30.08.2026, 6:47:19,123 PM] [2026-08-30 18:47:17] <DBG> Decode topics ---------- End --------------------

[30.08.2026, 6:47:24,460 PM] [2026-08-30 18:47:22] <DBG> Register command/query
[30.08.2026, 6:47:24,737 PM] [2026-08-30 18:47:23] <DBG> Send query
[30.08.2026, 6:47:24,943 PM] [2026-08-30 18:47:23] <DBG> Valid data
[30.08.2026, 6:47:24,978 PM] [2026-08-30 18:47:23] <DBG> Decode topics ---------- Start ------------------
[30.08.2026, 6:47:24,978 PM] [2026-08-30 18:47:23] <DBG> Decode topics ---------- End --------------------

[30.08.2026, 6:47:29,951 PM] [2026-08-30 18:47:28] <DBG> Register command/query
[30.08.2026, 6:47:30,447 PM] [2026-08-30 18:47:29] <DBG> Send query
[30.08.2026, 6:47:30,964 PM] [2026-08-30 18:47:29] <DBG> Valid data
[30.08.2026, 6:47:31,051 PM] [2026-08-30 18:47:29] <DBG> Decode topics ---------- Start ------------------
[30.08.2026, 6:47:31,052 PM] [2026-08-30 18:47:29] <DBG> Decode topics ---------- End --------------------

[30.08.2026, 6:47:35,955 PM] [2026-08-30 18:47:34] <DBG> Register command/query
[30.08.2026, 6:47:36,462 PM] [2026-08-30 18:47:35] <DBG> Send query
[30.08.2026, 6:47:36,999 PM] [2026-08-30 18:47:35] <DBG> Valid data
[30.08.2026, 6:47:37,086 PM] [2026-08-30 18:47:35] <DBG> Decode topics ---------- Start ------------------
[30.08.2026, 6:47:37,086 PM] [2026-08-30 18:47:35] <DBG> Decode topics ---------- End --------------------

[30.08.2026, 6:47:41,971 PM] [2026-08-30 18:47:40] <DBG> Register command/query
[30.08.2026, 6:47:42,844 PM] [2026-08-30 18:47:41] <DBG> Send query
[30.08.2026, 6:47:43,553 PM] [2026-08-30 18:47:41] <DBG> Valid data
[30.08.2026, 6:47:43,553 PM] [2026-08-30 18:47:41] <DBG> Decode topics ---------- Start ------------------
[30.08.2026, 6:47:43,553 PM] [2026-08-30 18:47:41] <DBG> Decode topics ---------- End --------------------

[30.08.2026, 6:47:47,995 PM] [2026-08-30 18:47:47] <DBG> Register command/query
[30.08.2026, 6:47:48,922 PM] [2026-08-30 18:47:47] <DBG> Send query
[30.08.2026, 6:47:49,175 PM] [2026-08-30 18:47:48] <DBG> Valid data
[30.08.2026, 6:47:49,175 PM] [2026-08-30 18:47:48] <DBG> Decode topics ---------- Start ------------------
[30.08.2026, 6:47:49,176 PM] [2026-08-30 18:47:48] <DBG> Decode topics ---------- End --------------------

[30.08.2026, 6:47:53,815 PM] [2026-08-30 18:47:52] <DBG> Callback from mqtt
[30.08.2026, 6:47:54,019 PM] [2026-08-30 18:47:52] <SUB> SET5 Z1HeatRequestTemperature: 20
[30.08.2026, 6:47:54,019 PM] [2026-08-30 18:47:52] <DBG> Register command/query
[30.08.2026, 6:47:54,020 PM] [2026-08-30 18:47:52] <DBG> Callback from mqtt
[30.08.2026, 6:47:54,020 PM] [2026-08-30 18:47:52] <SUB> SET9 OperationMode: 3
[30.08.2026, 6:47:54,020 PM] [2026-08-30 18:47:52] <DBG> Register command/query
[30.08.2026, 6:47:54,347 PM] [2026-08-30 18:47:53] <DBG> Send command
[30.08.2026, 6:47:54,958 PM] [2026-08-30 18:47:53] <DBG> Valid data
[30.08.2026, 6:47:54,958 PM] [2026-08-30 18:47:53] <DBG> Decode topics ---------- Start ------------------
[30.08.2026, 6:47:54,958 PM] [2026-08-30 18:47:53] <DBG> Decode topics ---------- End --------------------

[30.08.2026, 6:47:59,834 PM] [2026-08-30 18:47:58] <DBG> Register command/query
[30.08.2026, 6:48:00,336 PM] [2026-08-30 18:47:59] <DBG> Send query
[30.08.2026, 6:48:00,843 PM] [2026-08-30 18:47:59] <DBG> Valid data
[30.08.2026, 6:48:00,869 PM] [2026-08-30 18:47:59] <DBG> Decode topics ---------- Start ------------------
[30.08.2026, 6:48:00,869 PM] [2026-08-30 18:47:59] <PUB> TOP4 Operating_Mode_State: 3
[30.08.2026, 6:48:00,869 PM] [2026-08-30 18:47:59] <PUB> TOP7 Main_Target_Temp: 20
[30.08.2026, 6:48:00,869 PM] [2026-08-30 18:47:59] <PUB> TOP10 DHW_Temp: 57
[30.08.2026, 6:48:00,869 PM] [2026-08-30 18:47:59] <PUB> TOP27 Z1_Heat_Request_Temp: 20
[30.08.2026, 6:48:00,875 PM] [2026-08-30 18:47:59] <PUB> TOP29 Z1_Heat_Curve_Target_High_Temp: 20
[30.08.2026, 6:48:00,875 PM] [2026-08-30 18:47:59] <PUB> TOP42 Z1_Water_Target_Temp: 20
[30.08.2026, 6:48:00,875 PM] [2026-08-30 18:47:59] <DBG> Decode topics ---------- End --------------------

[30.08.2026, 6:48:05,955 PM] [2026-08-30 18:48:04] <DBG> Register command/query
[30.08.2026, 6:48:06,418 PM] [2026-08-30 18:48:05] <DBG> Send query
[30.08.2026, 6:48:07,435 PM] [2026-08-30 18:48:05] <DBG> Valid data
[30.08.2026, 6:48:07,435 PM] [2026-08-30 18:48:05] <DBG> Decode topics ---------- Start ------------------
[30.08.2026, 6:48:07,435 PM] [2026-08-30 18:48:05] <DBG> Decode topics ---------- End --------------------

[30.08.2026, 6:48:14,094 PM] [2026-08-30 18:48:11] <DBG> Register command/query
[30.08.2026, 6:48:14,170 PM] [2026-08-30 18:48:12] <DBG> Send query
[30.08.2026, 6:48:14,170 PM] [2026-08-30 18:48:12] <DBG> Valid data
[30.08.2026, 6:48:14,170 PM] [2026-08-30 18:48:12] <DBG> Decode topics ---------- Start ------------------
[30.08.2026, 6:48:14,170 PM] [2026-08-30 18:48:12] <DBG> Decode topics ---------- End --------------------

[30.08.2026, 6:48:18,948 PM] [2026-08-30 18:48:17] <DBG> Register command/query
[30.08.2026, 6:48:19,437 PM] [2026-08-30 18:48:18] <DBG> Send query
[30.08.2026, 6:48:19,922 PM] [2026-08-30 18:48:18] <DBG> Valid data
[30.08.2026, 6:48:19,940 PM] [2026-08-30 18:48:18] <DBG> Decode topics ---------- Start ------------------
[30.08.2026, 6:48:19,940 PM] [2026-08-30 18:48:18] <DBG> Decode topics ---------- End --------------------

[30.08.2026, 6:48:24,900 PM] [2026-08-30 18:48:23] <DBG> Register command/query
[30.08.2026, 6:48:25,399 PM] [2026-08-30 18:48:24] <DBG> Send query
[30.08.2026, 6:48:25,580 PM] [2026-08-30 18:48:24] <DBG> Callback from mqtt
[30.08.2026, 6:48:26,197 PM] [2026-08-30 18:48:24] <SUB> SET1 Heatpump: 0
[30.08.2026, 6:48:26,197 PM] [2026-08-30 18:48:24] <DBG> Register command/query
[30.08.2026, 6:48:26,197 PM] [2026-08-30 18:48:24] <DBG> Callback from mqtt
[30.08.2026, 6:48:26,197 PM] [2026-08-30 18:48:24] <SUB> SET15 WaterPumpSpeed: 100
[30.08.2026, 6:48:26,197 PM] [2026-08-30 18:48:24] <DBG> Register command/query
[30.08.2026, 6:48:26,323 PM] [2026-08-30 18:48:24] <DBG> Valid data
[30.08.2026, 6:48:26,323 PM] [2026-08-30 18:48:24] <DBG> Decode topics ---------- Start ------------------
[30.08.2026, 6:48:26,323 PM] [2026-08-30 18:48:24] <PUB> TOP6 Main_Outlet_Temp: 25.00
[30.08.2026, 6:48:26,323 PM] [2026-08-30 18:48:24] <DBG> Decode topics ---------- End --------------------

[30.08.2026, 6:48:26,323 PM] [2026-08-30 18:48:25] <DBG> Callback from mqtt
[30.08.2026, 6:48:26,324 PM] [2026-08-30 18:48:25] <SUB> SET3 QuietMode: 0
[30.08.2026, 6:48:26,324 PM] [2026-08-30 18:48:25] <DBG> Register command/query
[30.08.2026, 6:48:26,587 PM] [2026-08-30 18:48:25] <DBG> Send command
[30.08.2026, 6:48:27,051 PM] [2026-08-30 18:48:26] <DBG> Valid data
[30.08.2026, 6:48:27,067 PM] [2026-08-30 18:48:26] <DBG> Decode topics ---------- Start ------------------
[30.08.2026, 6:48:27,068 PM] [2026-08-30 18:48:26] <DBG> Decode topics ---------- End --------------------

[30.08.2026, 6:48:32,062 PM] [2026-08-30 18:48:31] <DBG> Register command/query
[30.08.2026, 6:48:32,551 PM] [2026-08-30 18:48:31] <DBG> Send query
[30.08.2026, 6:48:33,061 PM] [2026-08-30 18:48:32] <DBG> Valid data
[30.08.2026, 6:48:33,082 PM] [2026-08-30 18:48:32] <DBG> Decode topics ---------- Start ------------------
[30.08.2026, 6:48:33,082 PM] [2026-08-30 18:48:32] <PUB> TOP103 Pump_Duty_Max: 100
[30.08.2026, 6:48:33,082 PM] [2026-08-30 18:48:32] <DBG> Decode topics ---------- End --------------------

[30.08.2026, 6:48:38,068 PM] [2026-08-30 18:48:37] <DBG> Register command/query
[30.08.2026, 6:48:38,565 PM] [2026-08-30 18:48:37] <DBG> Send query
[30.08.2026, 6:48:39,070 PM] [2026-08-30 18:48:38] <DBG> Valid data
[30.08.2026, 6:48:39,085 PM] [2026-08-30 18:48:38] <DBG> Decode topics ---------- Start ------------------
[30.08.2026, 6:48:39,085 PM] [2026-08-30 18:48:38] <DBG> Decode topics ---------- End --------------------

[30.08.2026, 6:48:44,193 PM] [2026-08-30 18:48:43] <DBG> Register command/query
[30.08.2026, 6:48:45,065 PM] [2026-08-30 18:48:43] <DBG> Send query
[30.08.2026, 6:48:45,869 PM] [2026-08-30 18:48:44] <DBG> Valid data
[30.08.2026, 6:48:45,869 PM] [2026-08-30 18:48:44] <DBG> Decode topics ---------- Start ------------------
[30.08.2026, 6:48:45,870 PM] [2026-08-30 18:48:44] <DBG> Decode topics ---------- End --------------------

[30.08.2026, 6:48:54,045 PM] [2026-08-30 18:48:51] <DBG> Callback from mqtt
[30.08.2026, 6:48:55,663 PM] [2026-08-30 18:48:51] <SUB> SET1 Heatpump: 1
[30.08.2026, 6:48:55,663 PM] [2026-08-30 18:48:51] <DBG> Register command/query
[30.08.2026, 6:48:55,663 PM] [2026-08-30 18:48:51] <DBG> Callback from mqtt
[30.08.2026, 6:48:55,663 PM] [2026-08-30 18:48:51] <SUB> SET15 WaterPumpSpeed: 125
[30.08.2026, 6:48:55,663 PM] [2026-08-30 18:48:51] <DBG> Register command/query
[30.08.2026, 6:48:55,663 PM] [2026-08-30 18:48:52] <DBG> Send command
[30.08.2026, 6:48:55,663 PM] [2026-08-30 18:48:52] <DBG> Valid data
[30.08.2026, 6:48:55,663 PM] [2026-08-30 18:48:52] <DBG> Decode topics ---------- Start ------------------
[30.08.2026, 6:48:55,663 PM] [2026-08-30 18:48:52] <DBG> Publish all topics
[30.08.2026, 6:48:55,663 PM] [2026-08-30 18:48:52] <PUB> TOP49 Main_Hex_Outlet_Temp: 25
[30.08.2026, 6:48:57,573 PM] [2026-08-30 18:48:56] <DBG> Decode topics ---------- End --------------------

[30.08.2026, 6:49:02,131 PM] [2026-08-30 18:49:01] <DBG> Register command/query
[30.08.2026, 6:49:02,626 PM] [2026-08-30 18:49:01] <DBG> Send query
[30.08.2026, 6:49:03,133 PM] [2026-08-30 18:49:02] <DBG> Valid data
[30.08.2026, 6:49:03,169 PM] [2026-08-30 18:49:02] <DBG> Decode topics ---------- Start ------------------
[30.08.2026, 6:49:03,169 PM] [2026-08-30 18:49:02] <PUB> TOP0 Heatpump_State: 1
[30.08.2026, 6:49:03,169 PM] [2026-08-30 18:49:02] <PUB> TOP49 Main_Hex_Outlet_Temp: 24
[30.08.2026, 6:49:03,169 PM] [2026-08-30 18:49:02] <PUB> TOP103 Pump_Duty_Max: 125
[30.08.2026, 6:49:03,169 PM] [2026-08-30 18:49:02] <DBG> Decode topics ---------- End --------------------

[30.08.2026, 6:49:08,147 PM] [2026-08-30 18:49:07] <DBG> Register command/query
[30.08.2026, 6:49:08,644 PM] [2026-08-30 18:49:07] <DBG> Send query
[30.08.2026, 6:49:09,150 PM] [2026-08-30 18:49:08] <DBG> Valid data
[30.08.2026, 6:49:09,168 PM] [2026-08-30 18:49:08] <DBG> Decode topics ---------- Start ------------------
[30.08.2026, 6:49:09,168 PM] [2026-08-30 18:49:08] <PUB> TOP49 Main_Hex_Outlet_Temp: 25
[30.08.2026, 6:49:09,168 PM] [2026-08-30 18:49:08] <DBG> Decode topics ---------- End --------------------

[30.08.2026, 6:49:14,164 PM] [2026-08-30 18:49:13] <DBG> Register command/query
[30.08.2026, 6:49:14,660 PM] [2026-08-30 18:49:13] <DBG> Send query
[30.08.2026, 6:49:15,166 PM] [2026-08-30 18:49:14] <DBG> Valid data
[30.08.2026, 6:49:15,182 PM] [2026-08-30 18:49:14] <DBG> Decode topics ---------- Start ------------------
[30.08.2026, 6:49:15,183 PM] [2026-08-30 18:49:14] <PUB> TOP49 Main_Hex_Outlet_Temp: 24
[30.08.2026, 6:49:15,183 PM] [2026-08-30 18:49:14] <DBG> Decode topics ---------- End --------------------

[30.08.2026, 6:49:20,189 PM] [2026-08-30 18:49:19] <DBG> Register command/query
[30.08.2026, 6:49:20,675 PM] [2026-08-30 18:49:19] <DBG> Send query
[30.08.2026, 6:49:21,180 PM] [2026-08-30 18:49:20] <DBG> Valid data
[30.08.2026, 6:49:21,194 PM] [2026-08-30 18:49:20] <DBG> Decode topics ---------- Start ------------------
[30.08.2026, 6:49:21,194 PM] [2026-08-30 18:49:20] <PUB> TOP49 Main_Hex_Outlet_Temp: 25
[30.08.2026, 6:49:21,205 PM] [2026-08-30 18:49:20] <PUB> TOP53 Eva_Outlet_Temp: 27
[30.08.2026, 6:49:21,206 PM] [2026-08-30 18:49:20] <DBG> Decode topics ---------- End --------------------

[30.08.2026, 6:49:26,196 PM] [2026-08-30 18:49:25] <DBG> Register command/query
[30.08.2026, 6:49:26,699 PM] [2026-08-30 18:49:25] <DBG> Send query
[30.08.2026, 6:49:27,200 PM] [2026-08-30 18:49:26] <DBG> Valid data
[30.08.2026, 6:49:27,215 PM] [2026-08-30 18:49:26] <DBG> Decode topics ---------- Start ------------------
[30.08.2026, 6:49:27,215 PM] [2026-08-30 18:49:26] <DBG> Decode topics ---------- End --------------------

[30.08.2026, 6:49:29,991 PM] [2026-08-30 18:49:29] <DBG> Callback from mqtt
[30.08.2026, 6:49:30,003 PM] [2026-08-30 18:49:29] <SUB> SET1 Heatpump: 0
[30.08.2026, 6:49:30,003 PM] [2026-08-30 18:49:29] <DBG> Register command/query
[30.08.2026, 6:49:30,003 PM] [2026-08-30 18:49:29] <DBG> Callback from mqtt
[30.08.2026, 6:49:30,003 PM] [2026-08-30 18:49:29] <SUB> SET15 WaterPumpSpeed: 100
[30.08.2026, 6:49:30,003 PM] [2026-08-30 18:49:29] <DBG> Register command/query
[30.08.2026, 6:49:30,506 PM] [2026-08-30 18:49:29] <DBG> Send command
[30.08.2026, 6:49:31,009 PM] [2026-08-30 18:49:30] <DBG> Valid data
[30.08.2026, 6:49:31,046 PM] [2026-08-30 18:49:30] <DBG> Decode topics ---------- Start ------------------
[30.08.2026, 6:49:31,047 PM] [2026-08-30 18:49:30] <DBG> Decode topics ---------- End --------------------

[30.08.2026, 6:49:36,052 PM] [2026-08-30 18:49:35] <DBG> Register command/query
[30.08.2026, 6:49:36,536 PM] [2026-08-30 18:49:35] <DBG> Send query
[30.08.2026, 6:49:37,028 PM] [2026-08-30 18:49:36] <DBG> Valid data
[30.08.2026, 6:49:37,048 PM] [2026-08-30 18:49:36] <DBG> Decode topics ---------- Start ------------------
[30.08.2026, 6:49:37,048 PM] [2026-08-30 18:49:36] <PUB> TOP0 Heatpump_State: 0
[30.08.2026, 6:49:37,048 PM] [2026-08-30 18:49:36] <PUB> TOP103 Pump_Duty_Max: 100
[30.08.2026, 6:49:37,048 PM] [2026-08-30 18:49:36] <DBG> Decode topics ---------- End --------------------

[30.08.2026, 6:49:42,026 PM] [2026-08-30 18:49:41] <DBG> Register command/query
[30.08.2026, 6:49:42,532 PM] [2026-08-30 18:49:41] <DBG> Send query
[30.08.2026, 6:49:43,033 PM] [2026-08-30 18:49:42] <DBG> Valid data
[30.08.2026, 6:49:43,061 PM] [2026-08-30 18:49:42] <DBG> Decode topics ---------- Start ------------------
[30.08.2026, 6:49:43,061 PM] [2026-08-30 18:49:42] <PUB> TOP49 Main_Hex_Outlet_Temp: 24
[30.08.2026, 6:49:43,061 PM] [2026-08-30 18:49:42] <DBG> Decode topics ---------- End --------------------

[30.08.2026, 6:49:48,067 PM] [2026-08-30 18:49:47] <DBG> Register command/query
[30.08.2026, 6:49:48,551 PM] [2026-08-30 18:49:47] <DBG> Send query
[30.08.2026, 6:49:49,058 PM] [2026-08-30 18:49:48] <DBG> Valid data
[30.08.2026, 6:49:49,276 PM] [2026-08-30 18:49:48] <DBG> Decode topics ---------- Start ------------------
[30.08.2026, 6:49:49,276 PM] [2026-08-30 18:49:48] <PUB> TOP49 Main_Hex_Outlet_Temp: 25
[30.08.2026, 6:49:49,276 PM] [2026-08-30 18:49:48] <DBG> Decode topics ---------- End --------------------

[30.08.2026, 6:49:54,055 PM] [2026-08-30 18:49:53] <DBG> Register command/query
[30.08.2026, 6:49:54,564 PM] [2026-08-30 18:49:53] <DBG> Send query
[30.08.2026, 6:49:55,222 PM] [2026-08-30 18:49:54] <DBG> Valid data
[30.08.2026, 6:49:55,239 PM] [2026-08-30 18:49:54] <DBG> Decode topics ---------- Start ------------------
[30.08.2026, 6:49:55,239 PM] [2026-08-30 18:49:54] <PUB> TOP10 DHW_Temp: 56
[30.08.2026, 6:49:55,239 PM] [2026-08-30 18:49:54] <DBG> Decode topics ---------- End --------------------

[30.08.2026, 6:50:00,195 PM] [2026-08-30 18:49:59] <DBG> Register command/query
[30.08.2026, 6:50:00,741 PM] [2026-08-30 18:49:59] <DBG> Send query
[30.08.2026, 6:50:01,218 PM] [2026-08-30 18:50:00] <DBG> Valid data
[30.08.2026, 6:50:01,389 PM] [2026-08-30 18:50:00] <DBG> Decode topics ---------- Start ------------------
[30.08.2026, 6:50:01,389 PM] [2026-08-30 18:50:00] <DBG> Decode topics ---------- End --------------------

[30.08.2026, 6:50:06,216 PM] [2026-08-30 18:50:05] <DBG> Register command/query
[30.08.2026, 6:50:06,707 PM] [2026-08-30 18:50:05] <DBG> Send query
[30.08.2026, 6:50:07,211 PM] [2026-08-30 18:50:06] <DBG> Valid data
[30.08.2026, 6:50:07,246 PM] [2026-08-30 18:50:06] <DBG> Decode topics ---------- Start ------------------
[30.08.2026, 6:50:07,247 PM] [2026-08-30 18:50:06] <DBG> Decode topics ---------- End --------------------

