[30.08.2026, 6:40:41,732 PM] [2026-08-30 18:40:41] <DBG> Register command/query
[30.08.2026, 6:40:42,238 PM] [2026-08-30 18:40:41] <DBG> Send query
[30.08.2026, 6:40:42,738 PM] [2026-08-30 18:40:42] <DBG> Valid data
[30.08.2026, 6:40:42,753 PM] [2026-08-30 18:40:42] <DBG> Decode topics ---------- Start ------------------
[30.08.2026, 6:40:42,753 PM] [2026-08-30 18:40:42] <DBG> Decode topics ---------- End --------------------

[30.08.2026, 6:40:47,743 PM] [2026-08-30 18:40:47] <DBG> Register command/query
[30.08.2026, 6:40:48,258 PM] [2026-08-30 18:40:47] <DBG> Send query
[30.08.2026, 6:40:48,750 PM] [2026-08-30 18:40:48] <DBG> Valid data
[30.08.2026, 6:40:48,763 PM] [2026-08-30 18:40:48] <DBG> Decode topics ---------- Start ------------------
[30.08.2026, 6:40:48,763 PM] [2026-08-30 18:40:48] <DBG> Decode topics ---------- End --------------------

[30.08.2026, 6:40:53,756 PM] [2026-08-30 18:40:53] <DBG> Register command/query
[30.08.2026, 6:40:54,257 PM] [2026-08-30 18:40:53] <DBG> Send query
[30.08.2026, 6:40:54,782 PM] [2026-08-30 18:40:54] <DBG> Valid data
[30.08.2026, 6:40:54,824 PM] [2026-08-30 18:40:54] <DBG> Decode topics ---------- Start ------------------
[30.08.2026, 6:40:54,824 PM] [2026-08-30 18:40:54] <PUB> TOP6 Main_Outlet_Temp: 19.75
[30.08.2026, 6:40:54,824 PM] [2026-08-30 18:40:54] <PUB> TOP38 Cool_Energy_Production: 3600
[30.08.2026, 6:40:54,824 PM] [2026-08-30 18:40:54] <DBG> Decode topics ---------- End --------------------

[30.08.2026, 6:40:59,776 PM] [2026-08-30 18:40:59] <DBG> Register command/query
[30.08.2026, 6:41:00,273 PM] [2026-08-30 18:40:59] <DBG> Send query
[30.08.2026, 6:41:00,778 PM] [2026-08-30 18:41:00] <DBG> Valid data
[30.08.2026, 6:41:00,800 PM] [2026-08-30 18:41:00] <DBG> Decode topics ---------- Start ------------------
[30.08.2026, 6:41:00,800 PM] [2026-08-30 18:41:00] <PUB> TOP6 Main_Outlet_Temp: 19.25
[30.08.2026, 6:41:00,813 PM] [2026-08-30 18:41:00] <PUB> TOP8 Compressor_Freq: 57
[30.08.2026, 6:41:00,813 PM] [2026-08-30 18:41:00] <PUB> TOP38 Cool_Energy_Production: 4200
[30.08.2026, 6:41:00,813 PM] [2026-08-30 18:41:00] <DBG> Decode topics ---------- End --------------------

[30.08.2026, 6:41:06,043 PM] [2026-08-30 18:41:05] <DBG> Register command/query
[30.08.2026, 6:41:06,304 PM] [2026-08-30 18:41:05] <DBG> Send query
[30.08.2026, 6:41:06,801 PM] [2026-08-30 18:41:06] <DBG> Valid data
[30.08.2026, 6:41:06,827 PM] [2026-08-30 18:41:06] <DBG> Decode topics ---------- Start ------------------
[30.08.2026, 6:41:06,827 PM] [2026-08-30 18:41:06] <PUB> TOP1 Pump_Flow: 23.40
[30.08.2026, 6:41:06,827 PM] [2026-08-30 18:41:06] <PUB> TOP8 Compressor_Freq: 56
[30.08.2026, 6:41:06,827 PM] [2026-08-30 18:41:06] <PUB> TOP38 Cool_Energy_Production: 4400
[30.08.2026, 6:41:06,827 PM] [2026-08-30 18:41:06] <PUB> TOP39 Cool_Energy_Consumption: 600
[30.08.2026, 6:41:06,839 PM] [2026-08-30 18:41:06] <DBG> Decode topics ---------- End --------------------

[30.08.2026, 6:41:11,828 PM] [2026-08-30 18:41:11] <DBG> Register command/query
[30.08.2026, 6:41:12,320 PM] [2026-08-30 18:41:11] <DBG> Send query
[30.08.2026, 6:41:12,827 PM] [2026-08-30 18:41:12] <DBG> Valid data
[30.08.2026, 6:41:12,841 PM] [2026-08-30 18:41:12] <DBG> Decode topics ---------- Start ------------------
[30.08.2026, 6:41:12,841 PM] [2026-08-30 18:41:12] <PUB> TOP1 Pump_Flow: 23.05
[30.08.2026, 6:41:12,841 PM] [2026-08-30 18:41:12] <PUB> TOP6 Main_Outlet_Temp: 19.75
[30.08.2026, 6:41:12,841 PM] [2026-08-30 18:41:12] <PUB> TOP8 Compressor_Freq: 57
[30.08.2026, 6:41:12,841 PM] [2026-08-30 18:41:12] <PUB> TOP38 Cool_Energy_Production: 3600
[30.08.2026, 6:41:12,841 PM] [2026-08-30 18:41:12] <PUB> TOP39 Cool_Energy_Consumption: 800
[30.08.2026, 6:41:12,846 PM] [2026-08-30 18:41:12] <DBG> Decode topics ---------- End --------------------

[30.08.2026, 6:41:17,846 PM] [2026-08-30 18:41:17] <DBG> Register command/query
[30.08.2026, 6:41:18,345 PM] [2026-08-30 18:41:17] <DBG> Send query
[30.08.2026, 6:41:18,851 PM] [2026-08-30 18:41:18] <DBG> Valid data
[30.08.2026, 6:41:18,867 PM] [2026-08-30 18:41:18] <DBG> Decode topics ---------- Start ------------------
[30.08.2026, 6:41:18,867 PM] [2026-08-30 18:41:18] <PUB> TOP6 Main_Outlet_Temp: 19.25
[30.08.2026, 6:41:18,867 PM] [2026-08-30 18:41:18] <PUB> TOP38 Cool_Energy_Production: 4200
[30.08.2026, 6:41:18,867 PM] [2026-08-30 18:41:18] <DBG> Decode topics ---------- End --------------------

[30.08.2026, 6:41:23,866 PM] [2026-08-30 18:41:23] <DBG> Register command/query
[30.08.2026, 6:41:24,364 PM] [2026-08-30 18:41:24] <DBG> Send query
[30.08.2026, 6:41:24,872 PM] [2026-08-30 18:41:24] <DBG> Valid data
[30.08.2026, 6:41:24,908 PM] [2026-08-30 18:41:24] <DBG> Decode topics ---------- Start ------------------
[30.08.2026, 6:41:24,908 PM] [2026-08-30 18:41:24] <PUB> TOP8 Compressor_Freq: 56
[30.08.2026, 6:41:24,908 PM] [2026-08-30 18:41:24] <DBG> Decode topics ---------- End --------------------

[30.08.2026, 6:41:29,879 PM] [2026-08-30 18:41:29] <DBG> Register command/query
[30.08.2026, 6:41:30,380 PM] [2026-08-30 18:41:30] <DBG> Send query
[30.08.2026, 6:41:30,884 PM] [2026-08-30 18:41:30] <DBG> Valid data
[30.08.2026, 6:41:30,900 PM] [2026-08-30 18:41:30] <DBG> Decode topics ---------- Start ------------------
[30.08.2026, 6:41:30,900 PM] [2026-08-30 18:41:30] <PUB> TOP39 Cool_Energy_Consumption: 600
[30.08.2026, 6:41:30,900 PM] [2026-08-30 18:41:30] <DBG> Decode topics ---------- End --------------------

[30.08.2026, 6:41:35,895 PM] [2026-08-30 18:41:35] <DBG> Register command/query
[30.08.2026, 6:41:36,395 PM] [2026-08-30 18:41:36] <DBG> Send query
[30.08.2026, 6:41:36,900 PM] [2026-08-30 18:41:36] <DBG> Valid data
[30.08.2026, 6:41:36,916 PM] [2026-08-30 18:41:36] <DBG> Decode topics ---------- Start ------------------
[30.08.2026, 6:41:36,916 PM] [2026-08-30 18:41:36] <PUB> TOP8 Compressor_Freq: 57
[30.08.2026, 6:41:36,916 PM] [2026-08-30 18:41:36] <PUB> TOP39 Cool_Energy_Consumption: 800
[30.08.2026, 6:41:36,933 PM] [2026-08-30 18:41:36] <DBG> Decode topics ---------- End --------------------

[30.08.2026, 6:41:41,914 PM] [2026-08-30 18:41:41] <DBG> Register command/query
[30.08.2026, 6:41:42,419 PM] [2026-08-30 18:41:42] <DBG> Send query
[30.08.2026, 6:41:42,920 PM] [2026-08-30 18:41:42] <DBG> Valid data
[30.08.2026, 6:41:42,935 PM] [2026-08-30 18:41:42] <DBG> Decode topics ---------- Start ------------------
[30.08.2026, 6:41:42,935 PM] [2026-08-30 18:41:42] <PUB> TOP39 Cool_Energy_Consumption: 600
[30.08.2026, 6:41:42,950 PM] [2026-08-30 18:41:42] <DBG> Decode topics ---------- End --------------------

[30.08.2026, 6:41:47,931 PM] [2026-08-30 18:41:47] <DBG> Register command/query
[30.08.2026, 6:41:48,432 PM] [2026-08-30 18:41:48] <DBG> Send query
[30.08.2026, 6:41:48,942 PM] [2026-08-30 18:41:48] <DBG> Valid data
[30.08.2026, 6:41:48,953 PM] [2026-08-30 18:41:48] <DBG> Decode topics ---------- Start ------------------
[30.08.2026, 6:41:48,954 PM] [2026-08-30 18:41:48] <PUB> TOP8 Compressor_Freq: 56
[30.08.2026, 6:41:48,954 PM] [2026-08-30 18:41:48] <DBG> Decode topics ---------- End --------------------

[30.08.2026, 6:41:53,948 PM] [2026-08-30 18:41:53] <DBG> Register command/query
[30.08.2026, 6:41:54,460 PM] [2026-08-30 18:41:54] <DBG> Send query
[30.08.2026, 6:41:54,958 PM] [2026-08-30 18:41:54] <DBG> Valid data
[30.08.2026, 6:41:54,970 PM] [2026-08-30 18:41:54] <DBG> Decode topics ---------- Start ------------------
[30.08.2026, 6:41:54,970 PM] [2026-08-30 18:41:54] <PUB> TOP8 Compressor_Freq: 57
[30.08.2026, 6:41:54,970 PM] [2026-08-30 18:41:54] <DBG> Decode topics ---------- End --------------------

[30.08.2026, 6:41:57,522 PM] [2026-08-30 18:41:57] <DBG> Callback from mqtt
[30.08.2026, 6:41:57,542 PM] [2026-08-30 18:41:57] <SUB> SET6 Z1CoolRequestTemperature: 20
[30.08.2026, 6:41:57,542 PM] [2026-08-30 18:41:57] <DBG> Register command/query
[30.08.2026, 6:41:57,542 PM] [2026-08-30 18:41:57] <DBG> Callback from mqtt
[30.08.2026, 6:41:57,542 PM] [2026-08-30 18:41:57] <SUB> SET1 Heatpump: 0
[30.08.2026, 6:41:57,542 PM] [2026-08-30 18:41:57] <DBG> Register command/query
[30.08.2026, 6:41:57,542 PM] [2026-08-30 18:41:57] <DBG> Callback from mqtt
[30.08.2026, 6:41:57,542 PM] [2026-08-30 18:41:57] <SUB> SET15 WaterPumpSpeed: 100
[30.08.2026, 6:41:57,542 PM] [2026-08-30 18:41:57] <DBG> Register command/query
[30.08.2026, 6:41:58,030 PM] [2026-08-30 18:41:57] <DBG> Send command
[30.08.2026, 6:41:58,540 PM] [2026-08-30 18:41:58] <DBG> Valid data
[30.08.2026, 6:41:58,560 PM] [2026-08-30 18:41:58] <DBG> Decode topics ---------- Start ------------------
[30.08.2026, 6:41:58,560 PM] [2026-08-30 18:41:58] <PUB> TOP1 Pump_Flow: 23.40
[30.08.2026, 6:41:58,560 PM] [2026-08-30 18:41:58] <PUB> TOP8 Compressor_Freq: 56
[30.08.2026, 6:41:58,560 PM] [2026-08-30 18:41:58] <PUB> TOP38 Cool_Energy_Production: 4400
[30.08.2026, 6:41:58,560 PM] [2026-08-30 18:41:58] <PUB> TOP39 Cool_Energy_Consumption: 800
[30.08.2026, 6:41:58,577 PM] [2026-08-30 18:41:58] <DBG> Decode topics ---------- End --------------------

[30.08.2026, 6:42:03,555 PM] [2026-08-30 18:42:03] <DBG> Register command/query
[30.08.2026, 6:42:04,070 PM] [2026-08-30 18:42:03] <DBG> Send query
[30.08.2026, 6:42:04,558 PM] [2026-08-30 18:42:04] <DBG> Valid data
[30.08.2026, 6:42:04,587 PM] [2026-08-30 18:42:04] <DBG> Decode topics ---------- Start ------------------
[30.08.2026, 6:42:04,587 PM] [2026-08-30 18:42:04] <PUB> TOP0 Heatpump_State: 0
[30.08.2026, 6:42:04,587 PM] [2026-08-30 18:42:04] <PUB> TOP7 Main_Target_Temp: 20
[30.08.2026, 6:42:04,587 PM] [2026-08-30 18:42:04] <PUB> TOP8 Compressor_Freq: 0
[30.08.2026, 6:42:04,607 PM] [2026-08-30 18:42:04] <PUB> TOP16 Heat_Energy_Consumption: 200
[30.08.2026, 6:42:04,607 PM] [2026-08-30 18:42:04] <PUB> TOP28 Z1_Cool_Request_Temp: 20
[30.08.2026, 6:42:04,607 PM] [2026-08-30 18:42:04] <PUB> TOP38 Cool_Energy_Production: 0
[30.08.2026, 6:42:04,607 PM] [2026-08-30 18:42:04] <PUB> TOP39 Cool_Energy_Consumption: 0
[30.08.2026, 6:42:04,608 PM] [2026-08-30 18:42:04] <PUB> TOP42 Z1_Water_Target_Temp: 20
[30.08.2026, 6:42:04,608 PM] [2026-08-30 18:42:04] <PUB> TOP51 Inside_Pipe_Temp: 17
[30.08.2026, 6:42:04,608 PM] [2026-08-30 18:42:04] <PUB> TOP62 Fan1_Motor_Speed: 720
[30.08.2026, 6:42:04,608 PM] [2026-08-30 18:42:04] <PUB> TOP64 High_Pressure: 19.6
[30.08.2026, 6:42:04,608 PM] [2026-08-30 18:42:04] <PUB> TOP67 Compressor_Current: 0.8
[30.08.2026, 6:42:04,608 PM] [2026-08-30 18:42:04] <PUB> TOP72 Z1_Cool_Curve_Target_High_Temp: 20
[30.08.2026, 6:42:04,608 PM] [2026-08-30 18:42:04] <PUB> TOP103 Pump_Duty_Max: 100
[30.08.2026, 6:42:04,608 PM] [2026-08-30 18:42:04] <DBG> Decode topics ---------- End --------------------

[30.08.2026, 6:42:09,610 PM] [2026-08-30 18:42:09] <DBG> Register command/query
[30.08.2026, 6:42:10,098 PM] [2026-08-30 18:42:09] <DBG> Send query
[30.08.2026, 6:42:10,595 PM] [2026-08-30 18:42:10] <DBG> Valid data
[30.08.2026, 6:42:10,615 PM] [2026-08-30 18:42:10] <DBG> Decode topics ---------- Start ------------------
[30.08.2026, 6:42:10,615 PM] [2026-08-30 18:42:10] <PUB> TOP1 Pump_Flow: 23.05
[30.08.2026, 6:42:10,632 PM] [2026-08-30 18:42:10] <PUB> TOP16 Heat_Energy_Consumption: 0
[30.08.2026, 6:42:10,633 PM] [2026-08-30 18:42:10] <PUB> TOP49 Main_Hex_Outlet_Temp: 20
[30.08.2026, 6:42:10,633 PM] [2026-08-30 18:42:10] <PUB> TOP51 Inside_Pipe_Temp: 20
[30.08.2026, 6:42:10,633 PM] [2026-08-30 18:42:10] <PUB> TOP62 Fan1_Motor_Speed: 700
[30.08.2026, 6:42:10,633 PM] [2026-08-30 18:42:10] <PUB> TOP64 High_Pressure: 17.4
[30.08.2026, 6:42:10,633 PM] [2026-08-30 18:42:10] <PUB> TOP67 Compressor_Current: 0.4
[30.08.2026, 6:42:10,633 PM] [2026-08-30 18:42:10] <DBG> Decode topics ---------- End --------------------

[30.08.2026, 6:42:15,615 PM] [2026-08-30 18:42:15] <DBG> Register command/query
[30.08.2026, 6:42:16,114 PM] [2026-08-30 18:42:15] <DBG> Send query
[30.08.2026, 6:42:16,622 PM] [2026-08-30 18:42:16] <DBG> Valid data
[30.08.2026, 6:42:16,656 PM] [2026-08-30 18:42:16] <DBG> Decode topics ---------- Start ------------------
[30.08.2026, 6:42:16,656 PM] [2026-08-30 18:42:16] <PUB> TOP1 Pump_Flow: 4.78
[30.08.2026, 6:42:16,656 PM] [2026-08-30 18:42:16] <PUB> TOP6 Main_Outlet_Temp: 19.75
[30.08.2026, 6:42:16,656 PM] [2026-08-30 18:42:16] <PUB> TOP21 Outside_Pipe_Temp: 31
[30.08.2026, 6:42:16,656 PM] [2026-08-30 18:42:16] <PUB> TOP36 Z1_Water_Temp: 20
[30.08.2026, 6:42:16,656 PM] [2026-08-30 18:42:16] <PUB> TOP49 Main_Hex_Outlet_Temp: 21
[30.08.2026, 6:42:16,716 PM] [2026-08-30 18:42:16] <PUB> TOP51 Inside_Pipe_Temp: 22
[30.08.2026, 6:42:16,717 PM] [2026-08-30 18:42:16] <PUB> TOP64 High_Pressure: 16.2
[30.08.2026, 6:42:16,717 PM] [2026-08-30 18:42:16] <PUB> TOP65 Pump_Speed: 0
[30.08.2026, 6:42:16,717 PM] [2026-08-30 18:42:16] <PUB> TOP92 Pump_Duty: 0
[30.08.2026, 6:42:16,717 PM] [2026-08-30 18:42:16] <DBG> Decode topics ---------- End --------------------

[30.08.2026, 6:42:21,672 PM] [2026-08-30 18:42:21] <DBG> Register command/query
[30.08.2026, 6:42:22,165 PM] [2026-08-30 18:42:21] <DBG> Send query
[30.08.2026, 6:42:22,693 PM] [2026-08-30 18:42:22] <DBG> Valid data
[30.08.2026, 6:42:22,724 PM] [2026-08-30 18:42:22] <DBG> Decode topics ---------- Start ------------------
[30.08.2026, 6:42:22,724 PM] [2026-08-30 18:42:22] <PUB> TOP1 Pump_Flow: 0.13
[30.08.2026, 6:42:22,724 PM] [2026-08-30 18:42:22] <PUB> TOP6 Main_Outlet_Temp: 20.00
[30.08.2026, 6:42:22,724 PM] [2026-08-30 18:42:22] <PUB> TOP21 Outside_Pipe_Temp: 30
[30.08.2026, 6:42:22,724 PM] [2026-08-30 18:42:22] <PUB> TOP36 Z1_Water_Temp: 21
[30.08.2026, 6:42:22,724 PM] [2026-08-30 18:42:22] <PUB> TOP49 Main_Hex_Outlet_Temp: 22
[30.08.2026, 6:42:22,724 PM] [2026-08-30 18:42:22] <PUB> TOP50 Discharge_Temp: 46
[30.08.2026, 6:42:22,724 PM] [2026-08-30 18:42:22] <PUB> TOP51 Inside_Pipe_Temp: 23
[30.08.2026, 6:42:22,725 PM] [2026-08-30 18:42:22] <PUB> TOP55 Ipm_Temp: 38
[30.08.2026, 6:42:22,725 PM] [2026-08-30 18:42:22] <PUB> TOP56 Z1_Temp: 20
[30.08.2026, 6:42:22,725 PM] [2026-08-30 18:42:22] <PUB> TOP64 High_Pressure: 15.8
[30.08.2026, 6:42:22,725 PM] [2026-08-30 18:42:22] <DBG> Decode topics ---------- End --------------------

[30.08.2026, 6:42:27,683 PM] [2026-08-30 18:42:27] <DBG> Register command/query
[30.08.2026, 6:42:28,192 PM] [2026-08-30 18:42:27] <DBG> Send query
[30.08.2026, 6:42:28,675 PM] [2026-08-30 18:42:28] <DBG> Valid data
[30.08.2026, 6:42:28,691 PM] [2026-08-30 18:42:28] <DBG> Decode topics ---------- Start ------------------
[30.08.2026, 6:42:28,691 PM] [2026-08-30 18:42:28] <PUB> TOP6 Main_Outlet_Temp: 20.25
[30.08.2026, 6:42:28,691 PM] [2026-08-30 18:42:28] <PUB> TOP21 Outside_Pipe_Temp: 29
[30.08.2026, 6:42:28,691 PM] [2026-08-30 18:42:28] <PUB> TOP50 Discharge_Temp: 45
[30.08.2026, 6:42:28,691 PM] [2026-08-30 18:42:28] <PUB> TOP51 Inside_Pipe_Temp: 24
[30.08.2026, 6:42:28,691 PM] [2026-08-30 18:42:28] <PUB> TOP53 Eva_Outlet_Temp: 45
[30.08.2026, 6:42:28,715 PM] [2026-08-30 18:42:28] <DBG> Decode topics ---------- End --------------------

[30.08.2026, 6:42:33,692 PM] [2026-08-30 18:42:33] <DBG> Register command/query
[30.08.2026, 6:42:34,193 PM] [2026-08-30 18:42:33] <DBG> Send query
[30.08.2026, 6:42:34,698 PM] [2026-08-30 18:42:34] <DBG> Valid data
[30.08.2026, 6:42:34,715 PM] [2026-08-30 18:42:34] <DBG> Decode topics ---------- Start ------------------
[30.08.2026, 6:42:34,715 PM] [2026-08-30 18:42:34] <PUB> TOP6 Main_Outlet_Temp: 20.75
[30.08.2026, 6:42:34,733 PM] [2026-08-30 18:42:34] <PUB> TOP21 Outside_Pipe_Temp: 28
[30.08.2026, 6:42:34,734 PM] [2026-08-30 18:42:34] <PUB> TOP62 Fan1_Motor_Speed: 690
[30.08.2026, 6:42:34,734 PM] [2026-08-30 18:42:34] <DBG> Decode topics ---------- End --------------------

[30.08.2026, 6:42:39,729 PM] [2026-08-30 18:42:39] <DBG> Register command/query
[30.08.2026, 6:42:40,229 PM] [2026-08-30 18:42:39] <DBG> Send query
[30.08.2026, 6:42:40,729 PM] [2026-08-30 18:42:40] <DBG> Valid data
[30.08.2026, 6:42:40,753 PM] [2026-08-30 18:42:40] <DBG> Decode topics ---------- Start ------------------
[30.08.2026, 6:42:40,753 PM] [2026-08-30 18:42:40] <PUB> TOP51 Inside_Pipe_Temp: 25
[30.08.2026, 6:42:40,753 PM] [2026-08-30 18:42:40] <PUB> TOP62 Fan1_Motor_Speed: 700
[30.08.2026, 6:42:40,753 PM] [2026-08-30 18:42:40] <DBG> Decode topics ---------- End --------------------

[30.08.2026, 6:42:45,736 PM] [2026-08-30 18:42:45] <DBG> Register command/query
[30.08.2026, 6:42:46,250 PM] [2026-08-30 18:42:45] <DBG> Send query
[30.08.2026, 6:42:46,793 PM] [2026-08-30 18:42:46] <DBG> Valid data
[30.08.2026, 6:42:46,851 PM] [2026-08-30 18:42:46] <DBG> Decode topics ---------- Start ------------------
[30.08.2026, 6:42:46,851 PM] [2026-08-30 18:42:46] <PUB> TOP4 Operating_Mode_State: 0
[30.08.2026, 6:42:46,851 PM] [2026-08-30 18:42:46] <PUB> TOP6 Main_Outlet_Temp: 21.00
[30.08.2026, 6:42:46,851 PM] [2026-08-30 18:42:46] <PUB> TOP21 Outside_Pipe_Temp: 27
[30.08.2026, 6:42:46,851 PM] [2026-08-30 18:42:46] <PUB> TOP53 Eva_Outlet_Temp: 44
[30.08.2026, 6:42:46,851 PM] [2026-08-30 18:42:46] <PUB> TOP56 Z1_Temp: 21
[30.08.2026, 6:42:46,851 PM] [2026-08-30 18:42:46] <PUB> TOP101 Heat_Cool_SW_State: 0
[30.08.2026, 6:42:46,851 PM] [2026-08-30 18:42:46] <DBG> Decode topics ---------- End --------------------

[30.08.2026, 6:42:46,902 PM] [2026-08-30 18:42:46] <DBG> Callback from mqtt
[30.08.2026, 6:42:46,917 PM] [2026-08-30 18:42:46] <SUB> SET9 OperationMode: 0
[30.08.2026, 6:42:46,918 PM] [2026-08-30 18:42:46] <DBG> Register command/query
[30.08.2026, 6:42:47,404 PM] [2026-08-30 18:42:47] <DBG> Send command
[30.08.2026, 6:42:47,952 PM] [2026-08-30 18:42:47] <DBG> Valid data
[30.08.2026, 6:42:47,987 PM] [2026-08-30 18:42:47] <DBG> Decode topics ---------- Start ------------------
[30.08.2026, 6:42:47,987 PM] [2026-08-30 18:42:47] <DBG> Decode topics ---------- End --------------------

[30.08.2026, 6:42:52,917 PM] [2026-08-30 18:42:52] <DBG> Register command/query
[30.08.2026, 6:42:53,414 PM] [2026-08-30 18:42:53] <DBG> Send query
[30.08.2026, 6:42:53,928 PM] [2026-08-30 18:42:53] <DBG> Valid data
[30.08.2026, 6:42:53,959 PM] [2026-08-30 18:42:53] <DBG> Decode topics ---------- Start ------------------
[30.08.2026, 6:42:53,959 PM] [2026-08-30 18:42:53] <PUB> TOP6 Main_Outlet_Temp: 21.50
[30.08.2026, 6:42:53,959 PM] [2026-08-30 18:42:53] <PUB> TOP50 Discharge_Temp: 44
[30.08.2026, 6:42:53,959 PM] [2026-08-30 18:42:53] <PUB> TOP55 Ipm_Temp: 37
[30.08.2026, 6:42:53,959 PM] [2026-08-30 18:42:53] <DBG> Decode topics ---------- End --------------------

[30.08.2026, 6:42:58,930 PM] [2026-08-30 18:42:58] <DBG> Register command/query
[30.08.2026, 6:42:59,431 PM] [2026-08-30 18:42:59] <DBG> Send query
[30.08.2026, 6:42:59,939 PM] [2026-08-30 18:42:59] <DBG> Valid data
[30.08.2026, 6:42:59,982 PM] [2026-08-30 18:42:59] <DBG> Decode topics ---------- Start ------------------
[30.08.2026, 6:42:59,982 PM] [2026-08-30 18:42:59] <PUB> TOP21 Outside_Pipe_Temp: 26
[30.08.2026, 6:42:59,982 PM] [2026-08-30 18:42:59] <DBG> Decode topics ---------- End --------------------

[30.08.2026, 6:43:04,946 PM] [2026-08-30 18:43:04] <DBG> Register command/query
[30.08.2026, 6:43:05,344 PM] [2026-08-30 18:43:04] <DBG> Callback from mqtt
[30.08.2026, 6:43:05,377 PM] [2026-08-30 18:43:04] <SUB> SET5 Z1HeatRequestTemperature: 29
[30.08.2026, 6:43:05,377 PM] [2026-08-30 18:43:04] <DBG> Register command/query
[30.08.2026, 6:43:05,377 PM] [2026-08-30 18:43:04] <DBG> Callback from mqtt
[30.08.2026, 6:43:05,377 PM] [2026-08-30 18:43:04] <SUB> SET39 ForceHeater: 1
[30.08.2026, 6:43:05,377 PM] [2026-08-30 18:43:04] <DBG> Register command/query
[30.08.2026, 6:43:05,377 PM] [2026-08-30 18:43:04] <DBG> Callback from mqtt
[30.08.2026, 6:43:05,377 PM] [2026-08-30 18:43:04] <SUB> SET14 WaterPump: 1
[30.08.2026, 6:43:05,377 PM] [2026-08-30 18:43:04] <DBG> Register command/query
[30.08.2026, 6:43:05,377 PM] [2026-08-30 18:43:04] <DBG> Callback from mqtt
[30.08.2026, 6:43:05,378 PM] [2026-08-30 18:43:04] <SUB> SET15 WaterPumpSpeed: 150
[30.08.2026, 6:43:05,378 PM] [2026-08-30 18:43:04] <DBG> Register command/query
[30.08.2026, 6:43:05,847 PM] [2026-08-30 18:43:05] <DBG> Send command
[30.08.2026, 6:43:06,353 PM] [2026-08-30 18:43:05] <DBG> Valid data
[30.08.2026, 6:43:06,369 PM] [2026-08-30 18:43:06] <DBG> Decode topics ---------- Start ------------------
[30.08.2026, 6:43:06,369 PM] [2026-08-30 18:43:06] <PUB> TOP6 Main_Outlet_Temp: 21.75
[30.08.2026, 6:43:06,369 PM] [2026-08-30 18:43:06] <PUB> TOP53 Eva_Outlet_Temp: 43
[30.08.2026, 6:43:06,369 PM] [2026-08-30 18:43:06] <PUB> TOP62 Fan1_Motor_Speed: 0
[30.08.2026, 6:43:06,369 PM] [2026-08-30 18:43:06] <PUB> TOP67 Compressor_Current: 0.0
[30.08.2026, 6:43:06,401 PM] [2026-08-30 18:43:06] <DBG> Decode topics ---------- End --------------------

[30.08.2026, 6:43:11,380 PM] [2026-08-30 18:43:11] <DBG> Register command/query
[30.08.2026, 6:43:11,878 PM] [2026-08-30 18:43:11] <DBG> Send query
[30.08.2026, 6:43:12,382 PM] [2026-08-30 18:43:12] <DBG> Valid data
[30.08.2026, 6:43:12,414 PM] [2026-08-30 18:43:12] <DBG> Decode topics ---------- Start ------------------
[30.08.2026, 6:43:12,414 PM] [2026-08-30 18:43:12] <PUB> TOP1 Pump_Flow: 24.48
[30.08.2026, 6:43:12,414 PM] [2026-08-30 18:43:12] <PUB> TOP7 Main_Target_Temp: 29
[30.08.2026, 6:43:12,414 PM] [2026-08-30 18:43:12] <PUB> TOP27 Z1_Heat_Request_Temp: 29
[30.08.2026, 6:43:12,414 PM] [2026-08-30 18:43:12] <PUB> TOP29 Z1_Heat_Curve_Target_High_Temp: 29
[30.08.2026, 6:43:12,415 PM] [2026-08-30 18:43:12] <PUB> TOP42 Z1_Water_Target_Temp: 29
[30.08.2026, 6:43:12,415 PM] [2026-08-30 18:43:12] <PUB> TOP50 Discharge_Temp: 43
[30.08.2026, 6:43:12,415 PM] [2026-08-30 18:43:12] <PUB> TOP65 Pump_Speed: 4050
[30.08.2026, 6:43:12,434 PM] [2026-08-30 18:43:12] <PUB> TOP68 Force_Heater_State: 1
[30.08.2026, 6:43:12,434 PM] [2026-08-30 18:43:12] <PUB> TOP92 Pump_Duty: 150
[30.08.2026, 6:43:12,435 PM] [2026-08-30 18:43:12] <PUB> TOP103 Pump_Duty_Max: 150
[30.08.2026, 6:43:12,435 PM] [2026-08-30 18:43:12] <PUB> TOP104 Water_Pump_Mode: 1
[30.08.2026, 6:43:12,435 PM] [2026-08-30 18:43:12] <DBG> Decode topics ---------- End --------------------

[30.08.2026, 6:43:12,510 PM] [2026-08-30 18:43:12] <DBG> Callback from mqtt
[30.08.2026, 6:43:12,552 PM] [2026-08-30 18:43:12] <SUB> SET15 WaterPumpSpeed: 125
[30.08.2026, 6:43:12,552 PM] [2026-08-30 18:43:12] <DBG> Register command/query
[30.08.2026, 6:43:13,017 PM] [2026-08-30 18:43:12] <DBG> Send command
[30.08.2026, 6:43:13,517 PM] [2026-08-30 18:43:13] <DBG> Valid data
[30.08.2026, 6:43:13,541 PM] [2026-08-30 18:43:13] <DBG> Decode topics ---------- Start ------------------
[30.08.2026, 6:43:13,541 PM] [2026-08-30 18:43:13] <DBG> Publish all topics
[30.08.2026, 6:43:13,541 PM] [2026-08-30 18:43:13] <PUB> TOP1 Pump_Flow: 24.12
[30.08.2026, 6:43:13,581 PM] [2026-08-30 18:43:13] <PUB> TOP49 Main_Hex_Outlet_Temp: 23
[30.08.2026, 6:43:13,608 PM] [2026-08-30 18:43:13] <DBG> Decode topics ---------- End --------------------

[30.08.2026, 6:43:18,606 PM] [2026-08-30 18:43:18] <DBG> Register command/query
[30.08.2026, 6:43:19,105 PM] [2026-08-30 18:43:18] <DBG> Send query
[30.08.2026, 6:43:19,605 PM] [2026-08-30 18:43:19] <DBG> Valid data
[30.08.2026, 6:43:19,619 PM] [2026-08-30 18:43:19] <DBG> Decode topics ---------- Start ------------------
[30.08.2026, 6:43:19,619 PM] [2026-08-30 18:43:19] <PUB> TOP1 Pump_Flow: 18.03
[30.08.2026, 6:43:19,619 PM] [2026-08-30 18:43:19] <PUB> TOP6 Main_Outlet_Temp: 22.25
[30.08.2026, 6:43:19,619 PM] [2026-08-30 18:43:19] <PUB> TOP36 Z1_Water_Temp: 22
[30.08.2026, 6:43:19,633 PM] [2026-08-30 18:43:19] <PUB> TOP49 Main_Hex_Outlet_Temp: 22
[30.08.2026, 6:43:19,633 PM] [2026-08-30 18:43:19] <PUB> TOP56 Z1_Temp: 22
[30.08.2026, 6:43:19,645 PM] [2026-08-30 18:43:19] <PUB> TOP65 Pump_Speed: 3250
[30.08.2026, 6:43:19,646 PM] [2026-08-30 18:43:19] <PUB> TOP92 Pump_Duty: 125
[30.08.2026, 6:43:19,646 PM] [2026-08-30 18:43:19] <PUB> TOP103 Pump_Duty_Max: 125
[30.08.2026, 6:43:19,646 PM] [2026-08-30 18:43:19] <DBG> Decode topics ---------- End --------------------

[30.08.2026, 6:43:25,030 PM] [2026-08-30 18:43:24] <DBG> Register command/query
[30.08.2026, 6:43:25,154 PM] [2026-08-30 18:43:24] <DBG> Send query
[30.08.2026, 6:43:25,684 PM] [2026-08-30 18:43:25] <DBG> Valid data
[30.08.2026, 6:43:25,754 PM] [2026-08-30 18:43:25] <DBG> Decode topics ---------- Start ------------------
[30.08.2026, 6:43:25,754 PM] [2026-08-30 18:43:25] <PUB> TOP1 Pump_Flow: 18.39
[30.08.2026, 6:43:25,754 PM] [2026-08-30 18:43:25] <PUB> TOP53 Eva_Outlet_Temp: 42
[30.08.2026, 6:43:25,754 PM] [2026-08-30 18:43:25] <PUB> TOP55 Ipm_Temp: 36
[30.08.2026, 6:43:25,754 PM] [2026-08-30 18:43:25] <DBG> Decode topics ---------- End --------------------

[30.08.2026, 6:43:26,059 PM] [2026-08-30 18:43:25] <DBG> Callback from mqtt
[30.08.2026, 6:43:26,114 PM] [2026-08-30 18:43:25] <SUB> SET3 QuietMode: 0
[30.08.2026, 6:43:26,114 PM] [2026-08-30 18:43:25] <DBG> Register command/query
[30.08.2026, 6:43:26,567 PM] [2026-08-30 18:43:26] <DBG> Send command
[30.08.2026, 6:43:27,067 PM] [2026-08-30 18:43:26] <DBG> Valid data
[30.08.2026, 6:43:27,085 PM] [2026-08-30 18:43:26] <DBG> Decode topics ---------- Start ------------------
[30.08.2026, 6:43:27,086 PM] [2026-08-30 18:43:26] <DBG> Decode topics ---------- End --------------------

[30.08.2026, 6:43:32,071 PM] [2026-08-30 18:43:31] <DBG> Register command/query
[30.08.2026, 6:43:32,571 PM] [2026-08-30 18:43:32] <DBG> Send query
[30.08.2026, 6:43:33,076 PM] [2026-08-30 18:43:32] <DBG> Valid data
[30.08.2026, 6:43:33,097 PM] [2026-08-30 18:43:32] <DBG> Decode topics ---------- Start ------------------
[30.08.2026, 6:43:33,097 PM] [2026-08-30 18:43:32] <DBG> Decode topics ---------- End --------------------

[30.08.2026, 6:43:38,139 PM] [2026-08-30 18:43:37] <DBG> Register command/query
[30.08.2026, 6:43:38,583 PM] [2026-08-30 18:43:38] <DBG> Send query
[30.08.2026, 6:43:39,096 PM] [2026-08-30 18:43:38] <DBG> Valid data
[30.08.2026, 6:43:39,154 PM] [2026-08-30 18:43:38] <DBG> Decode topics ---------- Start ------------------
[30.08.2026, 6:43:39,154 PM] [2026-08-30 18:43:38] <PUB> TOP6 Main_Outlet_Temp: 22.50
[30.08.2026, 6:43:39,154 PM] [2026-08-30 18:43:38] <PUB> TOP53 Eva_Outlet_Temp: 41
[30.08.2026, 6:43:39,154 PM] [2026-08-30 18:43:38] <DBG> Decode topics ---------- End --------------------

[30.08.2026, 6:43:44,105 PM] [2026-08-30 18:43:43] <DBG> Register command/query
[30.08.2026, 6:43:44,647 PM] [2026-08-30 18:43:44] <DBG> Send query
[30.08.2026, 6:43:45,127 PM] [2026-08-30 18:43:44] <DBG> Valid data
[30.08.2026, 6:43:45,158 PM] [2026-08-30 18:43:44] <DBG> Decode topics ---------- Start ------------------
[30.08.2026, 6:43:45,158 PM] [2026-08-30 18:43:44] <PUB> TOP1 Pump_Flow: 19.82
[30.08.2026, 6:43:45,158 PM] [2026-08-30 18:43:44] <DBG> Decode topics ---------- End --------------------

[30.08.2026, 6:43:50,129 PM] [2026-08-30 18:43:49] <DBG> Register command/query
[30.08.2026, 6:43:50,729 PM] [2026-08-30 18:43:50] <DBG> Send query
[30.08.2026, 6:43:51,144 PM] [2026-08-30 18:43:50] <DBG> Valid data
[30.08.2026, 6:43:51,260 PM] [2026-08-30 18:43:50] <DBG> Decode topics ---------- Start ------------------
[30.08.2026, 6:43:51,261 PM] [2026-08-30 18:43:50] <PUB> TOP1 Pump_Flow: 23.05
[30.08.2026, 6:43:51,261 PM] [2026-08-30 18:43:50] <PUB> TOP5 Main_Inlet_Temp: 21.75
[30.08.2026, 6:43:51,261 PM] [2026-08-30 18:43:50] <PUB> TOP64 High_Pressure: 15.6
[30.08.2026, 6:43:51,261 PM] [2026-08-30 18:43:50] <PUB> TOP65 Pump_Speed: 3200
[30.08.2026, 6:43:51,261 PM] [2026-08-30 18:43:50] <DBG> Decode topics ---------- End --------------------

[30.08.2026, 6:43:56,131 PM] [2026-08-30 18:43:55] <DBG> Register command/query
[30.08.2026, 6:43:56,632 PM] [2026-08-30 18:43:56] <DBG> Send query
[30.08.2026, 6:43:57,136 PM] [2026-08-30 18:43:56] <DBG> Valid data
[30.08.2026, 6:43:57,159 PM] [2026-08-30 18:43:56] <DBG> Decode topics ---------- Start ------------------
[30.08.2026, 6:43:57,159 PM] [2026-08-30 18:43:56] <PUB> TOP5 Main_Inlet_Temp: 21.25
[30.08.2026, 6:43:57,159 PM] [2026-08-30 18:43:56] <DBG> Decode topics ---------- End --------------------

[30.08.2026, 6:44:02,188 PM] [2026-08-30 18:44:01] <DBG> Register command/query
[30.08.2026, 6:44:02,661 PM] [2026-08-30 18:44:02] <DBG> Send query
[30.08.2026, 6:44:03,155 PM] [2026-08-30 18:44:02] <DBG> Valid data
[30.08.2026, 6:44:03,209 PM] [2026-08-30 18:44:02] <DBG> Decode topics ---------- Start ------------------
[30.08.2026, 6:44:03,209 PM] [2026-08-30 18:44:02] <PUB> TOP49 Main_Hex_Outlet_Temp: 21
[30.08.2026, 6:44:03,209 PM] [2026-08-30 18:44:02] <PUB> TOP50 Discharge_Temp: 42
[30.08.2026, 6:44:03,237 PM] [2026-08-30 18:44:02] <DBG> Decode topics ---------- End --------------------

[30.08.2026, 6:44:08,173 PM] [2026-08-30 18:44:07] <DBG> Register command/query
[30.08.2026, 6:44:08,669 PM] [2026-08-30 18:44:08] <DBG> Send query
[30.08.2026, 6:44:09,198 PM] [2026-08-30 18:44:08] <DBG> Valid data
[30.08.2026, 6:44:09,230 PM] [2026-08-30 18:44:08] <DBG> Decode topics ---------- Start ------------------
[30.08.2026, 6:44:09,230 PM] [2026-08-30 18:44:08] <PUB> TOP5 Main_Inlet_Temp: 21.75
[30.08.2026, 6:44:09,230 PM] [2026-08-30 18:44:08] <PUB> TOP21 Outside_Pipe_Temp: 25
[30.08.2026, 6:44:09,230 PM] [2026-08-30 18:44:08] <PUB> TOP49 Main_Hex_Outlet_Temp: 22
[30.08.2026, 6:44:09,230 PM] [2026-08-30 18:44:08] <PUB> TOP53 Eva_Outlet_Temp: 40
[30.08.2026, 6:44:09,230 PM] [2026-08-30 18:44:08] <PUB> TOP55 Ipm_Temp: 35
[30.08.2026, 6:44:09,230 PM] [2026-08-30 18:44:08] <DBG> Decode topics ---------- End --------------------

[30.08.2026, 6:44:14,225 PM] [2026-08-30 18:44:13] <DBG> Register command/query
[30.08.2026, 6:44:14,778 PM] [2026-08-30 18:44:14] <DBG> Send query
[30.08.2026, 6:44:15,221 PM] [2026-08-30 18:44:14] <DBG> Valid data
[30.08.2026, 6:44:15,394 PM] [2026-08-30 18:44:14] <DBG> Decode topics ---------- Start ------------------
[30.08.2026, 6:44:15,394 PM] [2026-08-30 18:44:14] <PUB> TOP5 Main_Inlet_Temp: 22.00
[30.08.2026, 6:44:15,394 PM] [2026-08-30 18:44:14] <DBG> Decode topics ---------- End --------------------

[30.08.2026, 6:44:20,216 PM] [2026-08-30 18:44:19] <DBG> Register command/query
[30.08.2026, 6:44:20,786 PM] [2026-08-30 18:44:20] <DBG> Send query
[30.08.2026, 6:44:21,207 PM] [2026-08-30 18:44:20] <DBG> Valid data
[30.08.2026, 6:44:21,243 PM] [2026-08-30 18:44:20] <DBG> Decode topics ---------- Start ------------------
[30.08.2026, 6:44:21,243 PM] [2026-08-30 18:44:20] <PUB> TOP1 Pump_Flow: 22.69
[30.08.2026, 6:44:21,243 PM] [2026-08-30 18:44:20] <DBG> Decode topics ---------- End --------------------

[30.08.2026, 6:44:26,214 PM] [2026-08-30 18:44:25] <DBG> Register command/query
[30.08.2026, 6:44:26,720 PM] [2026-08-30 18:44:26] <DBG> Send query
[30.08.2026, 6:44:27,223 PM] [2026-08-30 18:44:26] <DBG> Valid data
[30.08.2026, 6:44:27,243 PM] [2026-08-30 18:44:26] <DBG> Decode topics ---------- Start ------------------
[30.08.2026, 6:44:27,243 PM] [2026-08-30 18:44:26] <PUB> TOP5 Main_Inlet_Temp: 22.25
[30.08.2026, 6:44:27,243 PM] [2026-08-30 18:44:26] <PUB> TOP50 Discharge_Temp: 41
[30.08.2026, 6:44:27,243 PM] [2026-08-30 18:44:26] <DBG> Decode topics ---------- End --------------------

[30.08.2026, 6:44:32,232 PM] [2026-08-30 18:44:31] <DBG> Register command/query
[30.08.2026, 6:44:32,730 PM] [2026-08-30 18:44:32] <DBG> Send query
[30.08.2026, 6:44:33,235 PM] [2026-08-30 18:44:32] <DBG> Valid data
[30.08.2026, 6:44:33,258 PM] [2026-08-30 18:44:32] <DBG> Decode topics ---------- Start ------------------
[30.08.2026, 6:44:33,258 PM] [2026-08-30 18:44:32] <PUB> TOP1 Pump_Flow: 23.05
[30.08.2026, 6:44:33,258 PM] [2026-08-30 18:44:32] <PUB> TOP51 Inside_Pipe_Temp: 24
[30.08.2026, 6:44:33,258 PM] [2026-08-30 18:44:32] <PUB> TOP53 Eva_Outlet_Temp: 39
[30.08.2026, 6:44:33,268 PM] [2026-08-30 18:44:32] <PUB> TOP64 High_Pressure: 15.8
[30.08.2026, 6:44:33,269 PM] [2026-08-30 18:44:32] <DBG> Decode topics ---------- End --------------------

[30.08.2026, 6:44:38,254 PM] [2026-08-30 18:44:37] <DBG> Register command/query
[30.08.2026, 6:44:38,756 PM] [2026-08-30 18:44:38] <DBG> Send query
[30.08.2026, 6:44:39,259 PM] [2026-08-30 18:44:38] <DBG> Valid data
[30.08.2026, 6:44:39,274 PM] [2026-08-30 18:44:38] <DBG> Decode topics ---------- Start ------------------
[30.08.2026, 6:44:39,274 PM] [2026-08-30 18:44:38] <PUB> TOP1 Pump_Flow: 22.69
[30.08.2026, 6:44:39,274 PM] [2026-08-30 18:44:38] <DBG> Decode topics ---------- End --------------------

[30.08.2026, 6:44:44,287 PM] [2026-08-30 18:44:43] <DBG> Register command/query
[30.08.2026, 6:44:44,772 PM] [2026-08-30 18:44:44] <DBG> Send query
[30.08.2026, 6:44:45,278 PM] [2026-08-30 18:44:44] <DBG> Valid data
[30.08.2026, 6:44:45,292 PM] [2026-08-30 18:44:44] <DBG> Decode topics ---------- Start ------------------
[30.08.2026, 6:44:45,292 PM] [2026-08-30 18:44:44] <PUB> TOP1 Pump_Flow: 23.05
[30.08.2026, 6:44:45,292 PM] [2026-08-30 18:44:44] <PUB> TOP51 Inside_Pipe_Temp: 25
[30.08.2026, 6:44:45,292 PM] [2026-08-30 18:44:44] <DBG> Decode topics ---------- End --------------------

[30.08.2026, 6:44:50,290 PM] [2026-08-30 18:44:49] <DBG> Register command/query
[30.08.2026, 6:44:50,790 PM] [2026-08-30 18:44:50] <DBG> Send query
[30.08.2026, 6:44:51,366 PM] [2026-08-30 18:44:50] <DBG> Valid data
[30.08.2026, 6:44:51,404 PM] [2026-08-30 18:44:50] <DBG> Decode topics ---------- Start ------------------
[30.08.2026, 6:44:51,404 PM] [2026-08-30 18:44:50] <PUB> TOP6 Main_Outlet_Temp: 22.75
[30.08.2026, 6:44:51,404 PM] [2026-08-30 18:44:50] <DBG> Decode topics ---------- End --------------------

[30.08.2026, 6:44:56,313 PM] [2026-08-30 18:44:55] <DBG> Register command/query
[30.08.2026, 6:44:56,806 PM] [2026-08-30 18:44:56] <DBG> Send query
[30.08.2026, 6:44:57,335 PM] [2026-08-30 18:44:56] <DBG> Valid data
[30.08.2026, 6:44:57,335 PM] [2026-08-30 18:44:56] <DBG> Decode topics ---------- Start ------------------
[30.08.2026, 6:44:57,335 PM] [2026-08-30 18:44:56] <PUB> TOP1 Pump_Flow: 22.69
[30.08.2026, 6:44:57,335 PM] [2026-08-30 18:44:56] <PUB> TOP5 Main_Inlet_Temp: 22.00
[30.08.2026, 6:44:57,335 PM] [2026-08-30 18:44:56] <DBG> Decode topics ---------- End --------------------

[30.08.2026, 6:45:02,322 PM] [2026-08-30 18:45:01] <DBG> Register command/query
[30.08.2026, 6:45:02,822 PM] [2026-08-30 18:45:02] <DBG> Send query
[30.08.2026, 6:45:03,328 PM] [2026-08-30 18:45:02] <DBG> Valid data
[30.08.2026, 6:45:03,341 PM] [2026-08-30 18:45:02] <DBG> Decode topics ---------- Start ------------------
[30.08.2026, 6:45:03,342 PM] [2026-08-30 18:45:02] <PUB> TOP1 Pump_Flow: 23.05
[30.08.2026, 6:45:03,342 PM] [2026-08-30 18:45:02] <PUB> TOP53 Eva_Outlet_Temp: 38
[30.08.2026, 6:45:03,342 PM] [2026-08-30 18:45:02] <DBG> Decode topics ---------- End --------------------

[30.08.2026, 6:45:08,354 PM] [2026-08-30 18:45:07] <DBG> Register command/query
[30.08.2026, 6:45:08,841 PM] [2026-08-30 18:45:08] <DBG> Send query
[30.08.2026, 6:45:09,361 PM] [2026-08-30 18:45:08] <DBG> Valid data
[30.08.2026, 6:45:09,373 PM] [2026-08-30 18:45:08] <DBG> Decode topics ---------- Start ------------------
[30.08.2026, 6:45:09,373 PM] [2026-08-30 18:45:08] <DBG> Decode topics ---------- End --------------------

[30.08.2026, 6:45:14,354 PM] [2026-08-30 18:45:13] <DBG> Register command/query
[30.08.2026, 6:45:14,854 PM] [2026-08-30 18:45:14] <DBG> Send query
[30.08.2026, 6:45:15,360 PM] [2026-08-30 18:45:15] <DBG> Valid data
[30.08.2026, 6:45:15,374 PM] [2026-08-30 18:45:15] <DBG> Decode topics ---------- Start ------------------
[30.08.2026, 6:45:15,375 PM] [2026-08-30 18:45:15] <DBG> Decode topics ---------- End --------------------

[30.08.2026, 6:45:20,372 PM] [2026-08-30 18:45:20] <DBG> Register command/query
[30.08.2026, 6:45:20,872 PM] [2026-08-30 18:45:20] <DBG> Send query
[30.08.2026, 6:45:21,389 PM] [2026-08-30 18:45:21] <DBG> Valid data
[30.08.2026, 6:45:21,409 PM] [2026-08-30 18:45:21] <DBG> Decode topics ---------- Start ------------------
[30.08.2026, 6:45:21,409 PM] [2026-08-30 18:45:21] <PUB> TOP1 Pump_Flow: 22.69
[30.08.2026, 6:45:21,409 PM] [2026-08-30 18:45:21] <PUB> TOP15 Heat_Energy_Production: 1200
[30.08.2026, 6:45:21,409 PM] [2026-08-30 18:45:21] <PUB> TOP16 Heat_Energy_Consumption: 3000
[30.08.2026, 6:45:21,409 PM] [2026-08-30 18:45:21] <PUB> TOP60 Internal_Heater_State: 1
[30.08.2026, 6:45:21,409 PM] [2026-08-30 18:45:21] <DBG> Decode topics ---------- End --------------------

[30.08.2026, 6:45:26,415 PM] [2026-08-30 18:45:26] <DBG> Register command/query
[30.08.2026, 6:45:26,885 PM] [2026-08-30 18:45:26] <DBG> Send query
[30.08.2026, 6:45:27,408 PM] [2026-08-30 18:45:27] <DBG> Valid data
[30.08.2026, 6:45:27,477 PM] [2026-08-30 18:45:27] <DBG> Decode topics ---------- Start ------------------
[30.08.2026, 6:45:27,477 PM] [2026-08-30 18:45:27] <PUB> TOP1 Pump_Flow: 23.05
[30.08.2026, 6:45:27,477 PM] [2026-08-30 18:45:27] <DBG> Decode topics ---------- End --------------------

[30.08.2026, 6:45:29,835 PM] [2026-08-30 18:45:29] <DBG> Callback from mqtt
[30.08.2026, 6:45:29,868 PM] [2026-08-30 18:45:29] <SUB> SET35 HeatingMode: 1
[30.08.2026, 6:45:29,868 PM] [2026-08-30 18:45:29] <DBG> Register command/query
[30.08.2026, 6:45:29,869 PM] [2026-08-30 18:45:29] <DBG> Callback from mqtt
[30.08.2026, 6:45:29,869 PM] [2026-08-30 18:45:29] <SUB> SET5 Z1HeatRequestTemperature: 29
[30.08.2026, 6:45:29,869 PM] [2026-08-30 18:45:29] <DBG> Register command/query
[30.08.2026, 6:45:29,869 PM] [2026-08-30 18:45:29] <DBG> Callback from mqtt
[30.08.2026, 6:45:29,869 PM] [2026-08-30 18:45:29] <SUB> SET6 Z1CoolRequestTemperature: 20
[30.08.2026, 6:45:29,869 PM] [2026-08-30 18:45:29] <DBG> Register command/query
[30.08.2026, 6:45:29,869 PM] [2026-08-30 18:45:29] <DBG> Callback from mqtt
[30.08.2026, 6:45:29,869 PM] [2026-08-30 18:45:29] <SUB> SET1 Heatpump: 0
[30.08.2026, 6:45:29,869 PM] [2026-08-30 18:45:29] <DBG> Register command/query
[30.08.2026, 6:45:29,869 PM] [2026-08-30 18:45:29] <DBG> Callback from mqtt
[30.08.2026, 6:45:29,869 PM] [2026-08-30 18:45:29] <SUB> SET39 ForceHeater: 1
[30.08.2026, 6:45:29,869 PM] [2026-08-30 18:45:29] <DBG> Register command/query
[30.08.2026, 6:45:29,869 PM] [2026-08-30 18:45:29] <DBG> Callback from mqtt
[30.08.2026, 6:45:29,869 PM] [2026-08-30 18:45:29] <SUB> SET9 OperationMode: 0
[30.08.2026, 6:45:29,869 PM] [2026-08-30 18:45:29] <DBG> Register command/query
[30.08.2026, 6:45:29,869 PM] [2026-08-30 18:45:29] <DBG> Callback from mqtt
[30.08.2026, 6:45:29,869 PM] [2026-08-30 18:45:29] <SUB> SET14 WaterPump: 1
[30.08.2026, 6:45:29,869 PM] [2026-08-30 18:45:29] <DBG> Register command/query
[30.08.2026, 6:45:29,869 PM] [2026-08-30 18:45:29] <DBG> Callback from mqtt
[30.08.2026, 6:45:29,869 PM] [2026-08-30 18:45:29] <SUB> SET15 WaterPumpSpeed: 125
[30.08.2026, 6:45:29,869 PM] [2026-08-30 18:45:29] <DBG> Register command/query
[30.08.2026, 6:45:30,229 PM] [2026-08-30 18:45:29] <DBG> Send command
[30.08.2026, 6:45:30,744 PM] [2026-08-30 18:45:30] <DBG> Valid data
[30.08.2026, 6:45:30,890 PM] [2026-08-30 18:45:30] <DBG> Decode topics ---------- Start ------------------
[30.08.2026, 6:45:30,890 PM] [2026-08-30 18:45:30] <PUB> TOP1 Pump_Flow: 22.69
[30.08.2026, 6:45:30,890 PM] [2026-08-30 18:45:30] <DBG> Decode topics ---------- End --------------------

[30.08.2026, 6:45:35,724 PM] [2026-08-30 18:45:35] <DBG> Register command/query
[30.08.2026, 6:45:36,230 PM] [2026-08-30 18:45:35] <DBG> Send query
[30.08.2026, 6:45:36,752 PM] [2026-08-30 18:45:36] <DBG> Valid data
[30.08.2026, 6:45:36,776 PM] [2026-08-30 18:45:36] <DBG> Decode topics ---------- Start ------------------
[30.08.2026, 6:45:36,776 PM] [2026-08-30 18:45:36] <PUB> TOP1 Pump_Flow: 23.05
[30.08.2026, 6:45:36,776 PM] [2026-08-30 18:45:36] <PUB> TOP36 Z1_Water_Temp: 23
[30.08.2026, 6:45:36,776 PM] [2026-08-30 18:45:36] <PUB> TOP50 Discharge_Temp: 40
[30.08.2026, 6:45:36,776 PM] [2026-08-30 18:45:36] <PUB> TOP53 Eva_Outlet_Temp: 37
[30.08.2026, 6:45:36,776 PM] [2026-08-30 18:45:36] <DBG> Decode topics ---------- End --------------------

[30.08.2026, 6:45:41,741 PM] [2026-08-30 18:45:41] <DBG> Register command/query
[30.08.2026, 6:45:42,243 PM] [2026-08-30 18:45:41] <DBG> Send query
[30.08.2026, 6:45:42,747 PM] [2026-08-30 18:45:42] <DBG> Valid data
[30.08.2026, 6:45:42,761 PM] [2026-08-30 18:45:42] <DBG> Decode topics ---------- Start ------------------
[30.08.2026, 6:45:42,761 PM] [2026-08-30 18:45:42] <PUB> TOP1 Pump_Flow: 22.69
[30.08.2026, 6:45:42,761 PM] [2026-08-30 18:45:42] <DBG> Decode topics ---------- End --------------------

[30.08.2026, 6:45:47,760 PM] [2026-08-30 18:45:47] <DBG> Register command/query
[30.08.2026, 6:45:48,282 PM] [2026-08-30 18:45:47] <DBG> Send query
[30.08.2026, 6:45:48,765 PM] [2026-08-30 18:45:48] <DBG> Valid data
[30.08.2026, 6:45:48,776 PM] [2026-08-30 18:45:48] <DBG> Decode topics ---------- Start ------------------
[30.08.2026, 6:45:48,776 PM] [2026-08-30 18:45:48] <PUB> TOP1 Pump_Flow: 23.05
[30.08.2026, 6:45:48,784 PM] [2026-08-30 18:45:48] <PUB> TOP6 Main_Outlet_Temp: 23.25
[30.08.2026, 6:45:48,784 PM] [2026-08-30 18:45:48] <PUB> TOP15 Heat_Energy_Production: 1800
[30.08.2026, 6:45:48,784 PM] [2026-08-30 18:45:48] <PUB> TOP56 Z1_Temp: 23
[30.08.2026, 6:45:48,784 PM] [2026-08-30 18:45:48] <DBG> Decode topics ---------- End --------------------

[30.08.2026, 6:45:53,781 PM] [2026-08-30 18:45:53] <DBG> Register command/query
[30.08.2026, 6:45:54,287 PM] [2026-08-30 18:45:53] <DBG> Send query
[30.08.2026, 6:45:54,789 PM] [2026-08-30 18:45:54] <DBG> Valid data
[30.08.2026, 6:45:54,824 PM] [2026-08-30 18:45:54] <DBG> Decode topics ---------- Start ------------------
[30.08.2026, 6:45:54,824 PM] [2026-08-30 18:45:54] <PUB> TOP1 Pump_Flow: 22.69
[30.08.2026, 6:45:54,824 PM] [2026-08-30 18:45:54] <PUB> TOP36 Z1_Water_Temp: 24
[30.08.2026, 6:45:54,824 PM] [2026-08-30 18:45:54] <DBG> Decode topics ---------- End --------------------

[30.08.2026, 6:45:59,801 PM] [2026-08-30 18:45:59] <DBG> Register command/query
[30.08.2026, 6:46:00,319 PM] [2026-08-30 18:45:59] <DBG> Send query
[30.08.2026, 6:46:00,809 PM] [2026-08-30 18:46:00] <DBG> Valid data
[30.08.2026, 6:46:00,842 PM] [2026-08-30 18:46:00] <DBG> Decode topics ---------- Start ------------------
[30.08.2026, 6:46:00,842 PM] [2026-08-30 18:46:00] <PUB> TOP6 Main_Outlet_Temp: 23.50
[30.08.2026, 6:46:00,842 PM] [2026-08-30 18:46:00] <PUB> TOP15 Heat_Energy_Production: 2400
[30.08.2026, 6:46:00,842 PM] [2026-08-30 18:46:00] <DBG> Decode topics ---------- End --------------------

[30.08.2026, 6:46:05,830 PM] [2026-08-30 18:46:05] <DBG> Register command/query
[30.08.2026, 6:46:06,323 PM] [2026-08-30 18:46:05] <DBG> Send query
[30.08.2026, 6:46:06,829 PM] [2026-08-30 18:46:06] <DBG> Valid data
[30.08.2026, 6:46:06,836 PM] [2026-08-30 18:46:06] <DBG> Decode topics ---------- Start ------------------
[30.08.2026, 6:46:06,836 PM] [2026-08-30 18:46:06] <PUB> TOP1 Pump_Flow: 23.05
[30.08.2026, 6:46:06,851 PM] [2026-08-30 18:46:06] <DBG> Decode topics ---------- End --------------------

[30.08.2026, 6:46:11,840 PM] [2026-08-30 18:46:11] <DBG> Register command/query
[30.08.2026, 6:46:12,340 PM] [2026-08-30 18:46:11] <DBG> Send query
[30.08.2026, 6:46:12,845 PM] [2026-08-30 18:46:12] <DBG> Valid data
[30.08.2026, 6:46:12,863 PM] [2026-08-30 18:46:12] <DBG> Decode topics ---------- Start ------------------
[30.08.2026, 6:46:12,863 PM] [2026-08-30 18:46:12] <PUB> TOP1 Pump_Flow: 22.69
[30.08.2026, 6:46:12,863 PM] [2026-08-30 18:46:12] <PUB> TOP55 Ipm_Temp: 34
[30.08.2026, 6:46:12,863 PM] [2026-08-30 18:46:12] <DBG> Decode topics ---------- End --------------------

[30.08.2026, 6:46:17,861 PM] [2026-08-30 18:46:17] <DBG> Register command/query
[30.08.2026, 6:46:18,362 PM] [2026-08-30 18:46:18] <DBG> Send query
[30.08.2026, 6:46:18,867 PM] [2026-08-30 18:46:18] <DBG> Valid data
[30.08.2026, 6:46:18,885 PM] [2026-08-30 18:46:18] <DBG> Decode topics ---------- Start ------------------
[30.08.2026, 6:46:18,886 PM] [2026-08-30 18:46:18] <PUB> TOP6 Main_Outlet_Temp: 24.00
[30.08.2026, 6:46:18,886 PM] [2026-08-30 18:46:18] <PUB> TOP15 Heat_Energy_Production: 3000
[30.08.2026, 6:46:18,886 PM] [2026-08-30 18:46:18] <PUB> TOP50 Discharge_Temp: 39
[30.08.2026, 6:46:18,894 PM] [2026-08-30 18:46:18] <PUB> TOP53 Eva_Outlet_Temp: 36
[30.08.2026, 6:46:18,894 PM] [2026-08-30 18:46:18] <PUB> TOP56 Z1_Temp: 24
[30.08.2026, 6:46:18,895 PM] [2026-08-30 18:46:18] <DBG> Decode topics ---------- End --------------------

[30.08.2026, 6:46:23,887 PM] [2026-08-30 18:46:23] <DBG> Register command/query
[30.08.2026, 6:46:24,387 PM] [2026-08-30 18:46:24] <DBG> Send query
[30.08.2026, 6:46:24,894 PM] [2026-08-30 18:46:24] <DBG> Valid data
[30.08.2026, 6:46:24,911 PM] [2026-08-30 18:46:24] <DBG> Decode topics ---------- Start ------------------
[30.08.2026, 6:46:24,911 PM] [2026-08-30 18:46:24] <DBG> Decode topics ---------- End --------------------

[30.08.2026, 6:46:29,901 PM] [2026-08-30 18:46:29] <DBG> Register command/query
[30.08.2026, 6:46:30,401 PM] [2026-08-30 18:46:30] <DBG> Send query
[30.08.2026, 6:46:30,913 PM] [2026-08-30 18:46:30] <DBG> Valid data
[30.08.2026, 6:46:30,929 PM] [2026-08-30 18:46:30] <DBG> Decode topics ---------- Start ------------------
[30.08.2026, 6:46:30,929 PM] [2026-08-30 18:46:30] <PUB> TOP21 Outside_Pipe_Temp: 26
[30.08.2026, 6:46:30,929 PM] [2026-08-30 18:46:30] <DBG> Decode topics ---------- End --------------------

[30.08.2026, 6:46:35,916 PM] [2026-08-30 18:46:35] <DBG> Register command/query
[30.08.2026, 6:46:36,415 PM] [2026-08-30 18:46:36] <DBG> Send query
[30.08.2026, 6:46:36,920 PM] [2026-08-30 18:46:36] <DBG> Valid data
[30.08.2026, 6:46:36,936 PM] [2026-08-30 18:46:36] <DBG> Decode topics ---------- Start ------------------
[30.08.2026, 6:46:36,936 PM] [2026-08-30 18:46:36] <DBG> Decode topics ---------- End --------------------

[30.08.2026, 6:46:37,729 PM] [2026-08-30 18:46:37] <DBG> Callback from mqtt
[30.08.2026, 6:46:37,749 PM] [2026-08-30 18:46:37] <SUB> SET5 Z1HeatRequestTemperature: 22
[30.08.2026, 6:46:37,749 PM] [2026-08-30 18:46:37] <DBG> Register command/query
[30.08.2026, 6:46:37,750 PM] [2026-08-30 18:46:37] <DBG> Callback from mqtt
[30.08.2026, 6:46:37,750 PM] [2026-08-30 18:46:37] <SUB> SET1 Heatpump: 1
[30.08.2026, 6:46:37,750 PM] [2026-08-30 18:46:37] <DBG> Register command/query
[30.08.2026, 6:46:37,750 PM] [2026-08-30 18:46:37] <DBG> Callback from mqtt
[30.08.2026, 6:46:37,750 PM] [2026-08-30 18:46:37] <SUB> SET39 ForceHeater: 0
[30.08.2026, 6:46:37,750 PM] [2026-08-30 18:46:37] <DBG> Register command/query
[30.08.2026, 6:46:37,763 PM] [2026-08-30 18:46:37] <DBG> Callback from mqtt
[30.08.2026, 6:46:37,763 PM] [2026-08-30 18:46:37] <SUB> SET14 WaterPump: 0
[30.08.2026, 6:46:37,763 PM] [2026-08-30 18:46:37] <DBG> Register command/query
[30.08.2026, 6:46:38,256 PM] [2026-08-30 18:46:37] <DBG> Send command
[30.08.2026, 6:46:38,774 PM] [2026-08-30 18:46:38] <DBG> Valid data
[30.08.2026, 6:46:38,782 PM] [2026-08-30 18:46:38] <DBG> Decode topics ---------- Start ------------------
[30.08.2026, 6:46:38,782 PM] [2026-08-30 18:46:38] <PUB> TOP1 Pump_Flow: 23.05
[30.08.2026, 6:46:38,782 PM] [2026-08-30 18:46:38] <DBG> Decode topics ---------- End --------------------

[30.08.2026, 6:46:43,764 PM] [2026-08-30 18:46:43] <DBG> Register command/query
[30.08.2026, 6:46:44,264 PM] [2026-08-30 18:46:43] <DBG> Send query
[30.08.2026, 6:46:44,770 PM] [2026-08-30 18:46:44] <DBG> Valid data
[30.08.2026, 6:46:44,783 PM] [2026-08-30 18:46:44] <DBG> Decode topics ---------- Start ------------------
[30.08.2026, 6:46:44,784 PM] [2026-08-30 18:46:44] <PUB> TOP0 Heatpump_State: 1
[30.08.2026, 6:46:44,784 PM] [2026-08-30 18:46:44] <PUB> TOP1 Pump_Flow: 16.96
[30.08.2026, 6:46:44,807 PM] [2026-08-30 18:46:44] <PUB> TOP7 Main_Target_Temp: 22
[30.08.2026, 6:46:44,807 PM] [2026-08-30 18:46:44] <PUB> TOP15 Heat_Energy_Production: 0
[30.08.2026, 6:46:44,807 PM] [2026-08-30 18:46:44] <PUB> TOP16 Heat_Energy_Consumption: 0
[30.08.2026, 6:46:44,807 PM] [2026-08-30 18:46:44] <PUB> TOP27 Z1_Heat_Request_Temp: 22
[30.08.2026, 6:46:44,807 PM] [2026-08-30 18:46:44] <PUB> TOP29 Z1_Heat_Curve_Target_High_Temp: 22
[30.08.2026, 6:46:44,807 PM] [2026-08-30 18:46:44] <PUB> TOP42 Z1_Water_Target_Temp: 22
[30.08.2026, 6:46:44,838 PM] [2026-08-30 18:46:44] <PUB> TOP60 Internal_Heater_State: 0
[30.08.2026, 6:46:44,838 PM] [2026-08-30 18:46:44] <PUB> TOP65 Pump_Speed: 2100
[30.08.2026, 6:46:44,838 PM] [2026-08-30 18:46:44] <PUB> TOP68 Force_Heater_State: 0
[30.08.2026, 6:46:44,838 PM] [2026-08-30 18:46:44] <PUB> TOP92 Pump_Duty: 94
[30.08.2026, 6:46:44,838 PM] [2026-08-30 18:46:44] <PUB> TOP104 Water_Pump_Mode: 0
[30.08.2026, 6:46:44,838 PM] [2026-08-30 18:46:44] <DBG> Decode topics ---------- End --------------------

[30.08.2026, 6:46:49,803 PM] [2026-08-30 18:46:49] <DBG> Register command/query
[30.08.2026, 6:46:50,304 PM] [2026-08-30 18:46:49] <DBG> Send query
[30.08.2026, 6:46:50,824 PM] [2026-08-30 18:46:50] <DBG> Valid data
[30.08.2026, 6:46:50,825 PM] [2026-08-30 18:46:50] <DBG> Decode topics ---------- Start ------------------
[30.08.2026, 6:46:50,825 PM] [2026-08-30 18:46:50] <PUB> TOP0 Heatpump_State: 0
[30.08.2026, 6:46:50,825 PM] [2026-08-30 18:46:50] <PUB> TOP1 Pump_Flow: 16.60
[30.08.2026, 6:46:50,840 PM] [2026-08-30 18:46:50] <PUB> TOP65 Pump_Speed: 2050
[30.08.2026, 6:46:50,840 PM] [2026-08-30 18:46:50] <PUB> TOP92 Pump_Duty: 93
[30.08.2026, 6:46:50,840 PM] [2026-08-30 18:46:50] <DBG> Decode topics ---------- End --------------------

[30.08.2026, 6:46:55,880 PM] [2026-08-30 18:46:55] <DBG> Register command/query
[30.08.2026, 6:46:56,328 PM] [2026-08-30 18:46:55] <DBG> Send query
[30.08.2026, 6:46:56,937 PM] [2026-08-30 18:46:56] <DBG> Valid data
[30.08.2026, 6:46:57,004 PM] [2026-08-30 18:46:56] <DBG> Decode topics ---------- Start ------------------
[30.08.2026, 6:46:57,004 PM] [2026-08-30 18:46:56] <PUB> TOP1 Pump_Flow: 16.24
[30.08.2026, 6:46:57,004 PM] [2026-08-30 18:46:56] <DBG> Decode topics ---------- End --------------------

[30.08.2026, 6:47:01,852 PM] [2026-08-30 18:47:01] <DBG> Register command/query
[30.08.2026, 6:47:02,340 PM] [2026-08-30 18:47:01] <DBG> Send query
[30.08.2026, 6:47:02,846 PM] [2026-08-30 18:47:02] <DBG> Valid data
[30.08.2026, 6:47:02,858 PM] [2026-08-30 18:47:02] <DBG> Decode topics ---------- Start ------------------
[30.08.2026, 6:47:02,858 PM] [2026-08-30 18:47:02] <PUB> TOP1 Pump_Flow: 7.29
[30.08.2026, 6:47:02,859 PM] [2026-08-30 18:47:02] <PUB> TOP36 Z1_Water_Temp: 23
[30.08.2026, 6:47:02,871 PM] [2026-08-30 18:47:02] <PUB> TOP65 Pump_Speed: 0
[30.08.2026, 6:47:02,880 PM] [2026-08-30 18:47:02] <PUB> TOP92 Pump_Duty: 0
[30.08.2026, 6:47:02,881 PM] [2026-08-30 18:47:02] <DBG> Decode topics ---------- End --------------------

[30.08.2026, 6:47:07,864 PM] [2026-08-30 18:47:07] <DBG> Register command/query
[30.08.2026, 6:47:08,364 PM] [2026-08-30 18:47:08] <DBG> Send query
[30.08.2026, 6:47:08,912 PM] [2026-08-30 18:47:08] <DBG> Valid data
[30.08.2026, 6:47:09,288 PM] [2026-08-30 18:47:08] <DBG> Decode topics ---------- Start ------------------
[30.08.2026, 6:47:09,288 PM] [2026-08-30 18:47:08] <PUB> TOP1 Pump_Flow: 0.13
[30.08.2026, 6:47:09,288 PM] [2026-08-30 18:47:08] <PUB> TOP6 Main_Outlet_Temp: 23.50
[30.08.2026, 6:47:09,288 PM] [2026-08-30 18:47:08] <PUB> TOP50 Discharge_Temp: 38
[30.08.2026, 6:47:09,288 PM] [2026-08-30 18:47:08] <PUB> TOP53 Eva_Outlet_Temp: 35
[30.08.2026, 6:47:09,288 PM] [2026-08-30 18:47:08] <PUB> TOP56 Z1_Temp: 23
[30.08.2026, 6:47:09,288 PM] [2026-08-30 18:47:08] <DBG> Decode topics ---------- End --------------------

[30.08.2026, 6:47:13,883 PM] [2026-08-30 18:47:13] <DBG> Register command/query
[30.08.2026, 6:47:14,396 PM] [2026-08-30 18:47:14] <DBG> Send query
[30.08.2026, 6:47:14,898 PM] [2026-08-30 18:47:14] <DBG> Valid data
[30.08.2026, 6:47:14,966 PM] [2026-08-30 18:47:14] <DBG> Decode topics ---------- Start ------------------
[30.08.2026, 6:47:14,966 PM] [2026-08-30 18:47:14] <DBG> Decode topics ---------- End --------------------

[30.08.2026, 6:47:19,935 PM] [2026-08-30 18:47:19] <DBG> Register command/query
[30.08.2026, 6:47:20,450 PM] [2026-08-30 18:47:20] <DBG> Send query
[30.08.2026, 6:47:21,038 PM] [2026-08-30 18:47:20] <DBG> Valid data
[30.08.2026, 6:47:21,067 PM] [2026-08-30 18:47:20] <DBG> Decode topics ---------- Start ------------------
[30.08.2026, 6:47:21,068 PM] [2026-08-30 18:47:20] <DBG> Decode topics ---------- End --------------------

[30.08.2026, 6:47:26,008 PM] [2026-08-30 18:47:25] <DBG> Register command/query
[30.08.2026, 6:47:26,424 PM] [2026-08-30 18:47:26] <DBG> Send query
[30.08.2026, 6:47:26,948 PM] [2026-08-30 18:47:26] <DBG> Valid data
[30.08.2026, 6:47:26,965 PM] [2026-08-30 18:47:26] <DBG> Decode topics ---------- Start ------------------
[30.08.2026, 6:47:26,965 PM] [2026-08-30 18:47:26] <DBG> Decode topics ---------- End --------------------

[30.08.2026, 6:47:31,919 PM] [2026-08-30 18:47:31] <DBG> Register command/query
[30.08.2026, 6:47:32,431 PM] [2026-08-30 18:47:32] <DBG> Send query
[30.08.2026, 6:47:33,098 PM] [2026-08-30 18:47:32] <DBG> Valid data
[30.08.2026, 6:47:33,111 PM] [2026-08-30 18:47:32] <DBG> Decode topics ---------- Start ------------------
[30.08.2026, 6:47:33,111 PM] [2026-08-30 18:47:32] <PUB> TOP6 Main_Outlet_Temp: 23.25
[30.08.2026, 6:47:33,112 PM] [2026-08-30 18:47:32] <DBG> Decode topics ---------- End --------------------

[30.08.2026, 6:47:37,933 PM] [2026-08-30 18:47:37] <DBG> Register command/query
[30.08.2026, 6:47:38,433 PM] [2026-08-30 18:47:38] <DBG> Send query
[30.08.2026, 6:47:38,939 PM] [2026-08-30 18:47:38] <DBG> Valid data
[30.08.2026, 6:47:38,963 PM] [2026-08-30 18:47:38] <DBG> Decode topics ---------- Start ------------------
[30.08.2026, 6:47:38,964 PM] [2026-08-30 18:47:38] <DBG> Decode topics ---------- End --------------------

[30.08.2026, 6:47:44,025 PM] [2026-08-30 18:47:43] <DBG> Register command/query
[30.08.2026, 6:47:44,486 PM] [2026-08-30 18:47:44] <DBG> Send query
[30.08.2026, 6:47:44,988 PM] [2026-08-30 18:47:44] <DBG> Valid data
[30.08.2026, 6:47:45,010 PM] [2026-08-30 18:47:44] <DBG> Decode topics ---------- Start ------------------
[30.08.2026, 6:47:45,010 PM] [2026-08-30 18:47:44] <DBG> Decode topics ---------- End --------------------

[30.08.2026, 6:47:49,957 PM] [2026-08-30 18:47:49] <DBG> Register command/query
[30.08.2026, 6:47:50,458 PM] [2026-08-30 18:47:50] <DBG> Send query
[30.08.2026, 6:47:51,054 PM] [2026-08-30 18:47:50] <DBG> Valid data
[30.08.2026, 6:47:51,123 PM] [2026-08-30 18:47:50] <DBG> Decode topics ---------- Start ------------------
[30.08.2026, 6:47:51,124 PM] [2026-08-30 18:47:50] <DBG> Decode topics ---------- End --------------------

[30.08.2026, 6:47:53,785 PM] [2026-08-30 18:47:53] <DBG> Callback from mqtt
[30.08.2026, 6:47:53,820 PM] [2026-08-30 18:47:53] <SUB> SET5 Z1HeatRequestTemperature: 24
[30.08.2026, 6:47:53,820 PM] [2026-08-30 18:47:53] <DBG> Register command/query
[30.08.2026, 6:47:53,820 PM] [2026-08-30 18:47:53] <DBG> Callback from mqtt
[30.08.2026, 6:47:53,820 PM] [2026-08-30 18:47:53] <SUB> SET15 WaterPumpSpeed: 150
[30.08.2026, 6:47:53,820 PM] [2026-08-30 18:47:53] <DBG> Register command/query
[30.08.2026, 6:47:54,381 PM] [2026-08-30 18:47:53] <DBG> Send command
[30.08.2026, 6:47:54,797 PM] [2026-08-30 18:47:54] <DBG> Valid data
[30.08.2026, 6:47:54,831 PM] [2026-08-30 18:47:54] <DBG> Decode topics ---------- Start ------------------
[30.08.2026, 6:47:54,831 PM] [2026-08-30 18:47:54] <DBG> Decode topics ---------- End --------------------

[30.08.2026, 6:47:59,799 PM] [2026-08-30 18:47:59] <DBG> Register command/query
[30.08.2026, 6:48:00,301 PM] [2026-08-30 18:47:59] <DBG> Send query
[30.08.2026, 6:48:00,806 PM] [2026-08-30 18:48:00] <DBG> Valid data
[30.08.2026, 6:48:00,835 PM] [2026-08-30 18:48:00] <DBG> Decode topics ---------- Start ------------------
[30.08.2026, 6:48:00,835 PM] [2026-08-30 18:48:00] <PUB> TOP7 Main_Target_Temp: 24
[30.08.2026, 6:48:00,835 PM] [2026-08-30 18:48:00] <PUB> TOP27 Z1_Heat_Request_Temp: 24
[30.08.2026, 6:48:00,835 PM] [2026-08-30 18:48:00] <PUB> TOP29 Z1_Heat_Curve_Target_High_Temp: 24
[30.08.2026, 6:48:00,835 PM] [2026-08-30 18:48:00] <PUB> TOP33 Room_Thermostat_Temp: 26
[30.08.2026, 6:48:00,835 PM] [2026-08-30 18:48:00] <PUB> TOP42 Z1_Water_Target_Temp: 24
[30.08.2026, 6:48:00,835 PM] [2026-08-30 18:48:00] <PUB> TOP53 Eva_Outlet_Temp: 34
[30.08.2026, 6:48:00,835 PM] [2026-08-30 18:48:00] <PUB> TOP103 Pump_Duty_Max: 150
[30.08.2026, 6:48:00,835 PM] [2026-08-30 18:48:00] <DBG> Decode topics ---------- End --------------------

[30.08.2026, 6:48:05,858 PM] [2026-08-30 18:48:05] <DBG> Register command/query
[30.08.2026, 6:48:06,373 PM] [2026-08-30 18:48:05] <DBG> Send query
[30.08.2026, 6:48:06,833 PM] [2026-08-30 18:48:06] <DBG> Valid data
[30.08.2026, 6:48:07,068 PM] [2026-08-30 18:48:06] <DBG> Decode topics ---------- Start ------------------
[30.08.2026, 6:48:07,068 PM] [2026-08-30 18:48:06] <DBG> Decode topics ---------- End --------------------

[30.08.2026, 6:48:11,847 PM] [2026-08-30 18:48:11] <DBG> Register command/query
[30.08.2026, 6:48:12,365 PM] [2026-08-30 18:48:11] <DBG> Send query
[30.08.2026, 6:48:12,880 PM] [2026-08-30 18:48:12] <DBG> Valid data
[30.08.2026, 6:48:12,950 PM] [2026-08-30 18:48:12] <DBG> Decode topics ---------- Start ------------------
[30.08.2026, 6:48:12,950 PM] [2026-08-30 18:48:12] <DBG> Decode topics ---------- End --------------------

[30.08.2026, 6:48:17,851 PM] [2026-08-30 18:48:17] <DBG> Register command/query
[30.08.2026, 6:48:18,355 PM] [2026-08-30 18:48:17] <DBG> Send query
[30.08.2026, 6:48:18,879 PM] [2026-08-30 18:48:18] <DBG> Valid data
[30.08.2026, 6:48:18,967 PM] [2026-08-30 18:48:18] <DBG> Decode topics ---------- Start ------------------
[30.08.2026, 6:48:18,967 PM] [2026-08-30 18:48:18] <DBG> Publish all topics
[30.08.2026, 6:48:19,138 PM] [2026-08-30 18:48:18] <DBG> Decode topics ---------- End --------------------

[30.08.2026, 6:48:24,069 PM] [2026-08-30 18:48:23] <DBG> Register command/query
[30.08.2026, 6:48:24,537 PM] [2026-08-30 18:48:24] <DBG> Send query
[30.08.2026, 6:48:25,043 PM] [2026-08-30 18:48:24] <DBG> Valid data
[30.08.2026, 6:48:25,060 PM] [2026-08-30 18:48:24] <DBG> Decode topics ---------- Start ------------------
[30.08.2026, 6:48:25,060 PM] [2026-08-30 18:48:24] <PUB> TOP6 Main_Outlet_Temp: 22.75
[30.08.2026, 6:48:25,060 PM] [2026-08-30 18:48:24] <PUB> TOP56 Z1_Temp: 22
[30.08.2026, 6:48:25,060 PM] [2026-08-30 18:48:24] <DBG> Decode topics ---------- End --------------------

[30.08.2026, 6:48:25,647 PM] [2026-08-30 18:48:25] <DBG> Callback from mqtt
[30.08.2026, 6:48:25,733 PM] [2026-08-30 18:48:25] <SUB> SET5 Z1HeatRequestTemperature: 20
[30.08.2026, 6:48:25,733 PM] [2026-08-30 18:48:25] <DBG> Register command/query
[30.08.2026, 6:48:25,733 PM] [2026-08-30 18:48:25] <DBG> Callback from mqtt
[30.08.2026, 6:48:25,733 PM] [2026-08-30 18:48:25] <SUB> SET1 Heatpump: 0
[30.08.2026, 6:48:25,733 PM] [2026-08-30 18:48:25] <DBG> Register command/query
[30.08.2026, 6:48:25,733 PM] [2026-08-30 18:48:25] <DBG> Callback from mqtt
[30.08.2026, 6:48:25,733 PM] [2026-08-30 18:48:25] <SUB> SET15 WaterPumpSpeed: 100
[30.08.2026, 6:48:25,733 PM] [2026-08-30 18:48:25] <DBG> Register command/query
[30.08.2026, 6:48:26,048 PM] [2026-08-30 18:48:25] <DBG> Callback from mqtt
[30.08.2026, 6:48:26,080 PM] [2026-08-30 18:48:25] <SUB> SET3 QuietMode: 0
[30.08.2026, 6:48:26,080 PM] [2026-08-30 18:48:25] <DBG> Register command/query
[30.08.2026, 6:48:26,602 PM] [2026-08-30 18:48:26] <DBG> Send command
[30.08.2026, 6:48:27,035 PM] [2026-08-30 18:48:26] <DBG> Valid data
[30.08.2026, 6:48:27,050 PM] [2026-08-30 18:48:26] <DBG> Decode topics ---------- Start ------------------
[30.08.2026, 6:48:27,050 PM] [2026-08-30 18:48:26] <DBG> Decode topics ---------- End --------------------

[30.08.2026, 6:48:32,038 PM] [2026-08-30 18:48:31] <DBG> Register command/query
[30.08.2026, 6:48:32,536 PM] [2026-08-30 18:48:32] <DBG> Send query
[30.08.2026, 6:48:33,042 PM] [2026-08-30 18:48:32] <DBG> Valid data
[30.08.2026, 6:48:33,060 PM] [2026-08-30 18:48:32] <DBG> Decode topics ---------- Start ------------------
[30.08.2026, 6:48:33,060 PM] [2026-08-30 18:48:32] <PUB> TOP7 Main_Target_Temp: 20
[30.08.2026, 6:48:33,060 PM] [2026-08-30 18:48:32] <PUB> TOP27 Z1_Heat_Request_Temp: 20
[30.08.2026, 6:48:33,075 PM] [2026-08-30 18:48:32] <PUB> TOP29 Z1_Heat_Curve_Target_High_Temp: 20
[30.08.2026, 6:48:33,110 PM] [2026-08-30 18:48:32] <PUB> TOP42 Z1_Water_Target_Temp: 20
[30.08.2026, 6:48:33,110 PM] [2026-08-30 18:48:32] <PUB> TOP103 Pump_Duty_Max: 100
[30.08.2026, 6:48:33,110 PM] [2026-08-30 18:48:32] <DBG> Decode topics ---------- End --------------------

[30.08.2026, 6:48:38,066 PM] [2026-08-30 18:48:37] <DBG> Register command/query
[30.08.2026, 6:48:38,585 PM] [2026-08-30 18:48:38] <DBG> Send query
[30.08.2026, 6:48:39,083 PM] [2026-08-30 18:48:38] <DBG> Valid data
[30.08.2026, 6:48:39,084 PM] [2026-08-30 18:48:38] <DBG> Decode topics ---------- Start ------------------
[30.08.2026, 6:48:39,084 PM] [2026-08-30 18:48:38] <DBG> Decode topics ---------- End --------------------

[30.08.2026, 6:48:44,191 PM] [2026-08-30 18:48:43] <DBG> Register command/query
[30.08.2026, 6:48:44,622 PM] [2026-08-30 18:48:44] <DBG> Send query
[30.08.2026, 6:48:45,084 PM] [2026-08-30 18:48:44] <DBG> Valid data
[30.08.2026, 6:48:45,205 PM] [2026-08-30 18:48:44] <DBG> Decode topics ---------- Start ------------------
[30.08.2026, 6:48:45,205 PM] [2026-08-30 18:48:44] <DBG> Decode topics ---------- End --------------------

[30.08.2026, 6:48:47,895 PM] [2026-08-30 18:48:47] <DBG> Callback from mqtt
[30.08.2026, 6:48:47,954 PM] [2026-08-30 18:48:47] <SUB> SET5 Z1HeatRequestTemperature: 24
[30.08.2026, 6:48:47,954 PM] [2026-08-30 18:48:47] <DBG> Register command/query
[30.08.2026, 6:48:47,954 PM] [2026-08-30 18:48:47] <DBG> Callback from mqtt
[30.08.2026, 6:48:47,954 PM] [2026-08-30 18:48:47] <SUB> SET1 Heatpump: 1
[30.08.2026, 6:48:47,954 PM] [2026-08-30 18:48:47] <DBG> Register command/query
[30.08.2026, 6:48:47,955 PM] [2026-08-30 18:48:47] <DBG> Callback from mqtt
[30.08.2026, 6:48:47,955 PM] [2026-08-30 18:48:47] <SUB> SET15 WaterPumpSpeed: 150
[30.08.2026, 6:48:47,955 PM] [2026-08-30 18:48:47] <DBG> Register command/query
[30.08.2026, 6:48:48,425 PM] [2026-08-30 18:48:48] <DBG> Send command
[30.08.2026, 6:48:48,938 PM] [2026-08-30 18:48:48] <DBG> Valid data
[30.08.2026, 6:48:48,972 PM] [2026-08-30 18:48:48] <DBG> Decode topics ---------- Start ------------------
[30.08.2026, 6:48:48,972 PM] [2026-08-30 18:48:48] <DBG> Decode topics ---------- End --------------------

[30.08.2026, 6:48:53,945 PM] [2026-08-30 18:48:53] <DBG> Register command/query
[30.08.2026, 6:48:54,422 PM] [2026-08-30 18:48:54] <DBG> Send query
[30.08.2026, 6:48:54,999 PM] [2026-08-30 18:48:54] <DBG> Valid data
[30.08.2026, 6:48:55,107 PM] [2026-08-30 18:48:54] <DBG> Decode topics ---------- Start ------------------
[30.08.2026, 6:48:55,107 PM] [2026-08-30 18:48:54] <PUB> TOP0 Heatpump_State: 1
[30.08.2026, 6:48:55,107 PM] [2026-08-30 18:48:54] <PUB> TOP1 Pump_Flow: 18.75
[30.08.2026, 6:48:55,107 PM] [2026-08-30 18:48:54] <PUB> TOP7 Main_Target_Temp: 24
[30.08.2026, 6:48:55,107 PM] [2026-08-30 18:48:54] <PUB> TOP27 Z1_Heat_Request_Temp: 24
[30.08.2026, 6:48:55,107 PM] [2026-08-30 18:48:54] <PUB> TOP29 Z1_Heat_Curve_Target_High_Temp: 24
[30.08.2026, 6:48:55,107 PM] [2026-08-30 18:48:54] <PUB> TOP42 Z1_Water_Target_Temp: 24
[30.08.2026, 6:48:55,107 PM] [2026-08-30 18:48:54] <PUB> TOP65 Pump_Speed: 3000
[30.08.2026, 6:48:55,107 PM] [2026-08-30 18:48:54] <PUB> TOP92 Pump_Duty: 98
[30.08.2026, 6:48:55,108 PM] [2026-08-30 18:48:54] <PUB> TOP103 Pump_Duty_Max: 150
[30.08.2026, 6:48:55,108 PM] [2026-08-30 18:48:54] <DBG> Decode topics ---------- End --------------------

[30.08.2026, 6:48:59,942 PM] [2026-08-30 18:48:59] <DBG> Register command/query
[30.08.2026, 6:49:00,444 PM] [2026-08-30 18:49:00] <DBG> Send query
[30.08.2026, 6:49:00,951 PM] [2026-08-30 18:49:00] <DBG> Valid data
[30.08.2026, 6:49:00,962 PM] [2026-08-30 18:49:00] <DBG> Decode topics ---------- Start ------------------
[30.08.2026, 6:49:00,962 PM] [2026-08-30 18:49:00] <PUB> TOP1 Pump_Flow: 13.02
[30.08.2026, 6:49:00,962 PM] [2026-08-30 18:49:00] <PUB> TOP65 Pump_Speed: 2450
[30.08.2026, 6:49:00,962 PM] [2026-08-30 18:49:00] <PUB> TOP92 Pump_Duty: 102
[30.08.2026, 6:49:00,975 PM] [2026-08-30 18:49:00] <DBG> Decode topics ---------- End --------------------

[30.08.2026, 6:49:05,967 PM] [2026-08-30 18:49:05] <DBG> Register command/query
[30.08.2026, 6:49:06,473 PM] [2026-08-30 18:49:06] <DBG> Send query
[30.08.2026, 6:49:06,975 PM] [2026-08-30 18:49:06] <DBG> Valid data
[30.08.2026, 6:49:06,987 PM] [2026-08-30 18:49:06] <DBG> Decode topics ---------- Start ------------------
[30.08.2026, 6:49:06,987 PM] [2026-08-30 18:49:06] <PUB> TOP1 Pump_Flow: 12.66
[30.08.2026, 6:49:07,008 PM] [2026-08-30 18:49:06] <PUB> TOP65 Pump_Speed: 2300
[30.08.2026, 6:49:07,008 PM] [2026-08-30 18:49:06] <PUB> TOP92 Pump_Duty: 98
[30.08.2026, 6:49:07,008 PM] [2026-08-30 18:49:06] <DBG> Decode topics ---------- End --------------------

[30.08.2026, 6:49:11,989 PM] [2026-08-30 18:49:11] <DBG> Register command/query
[30.08.2026, 6:49:12,488 PM] [2026-08-30 18:49:12] <DBG> Send query
[30.08.2026, 6:49:12,994 PM] [2026-08-30 18:49:12] <DBG> Valid data
[30.08.2026, 6:49:13,004 PM] [2026-08-30 18:49:12] <DBG> Decode topics ---------- Start ------------------
[30.08.2026, 6:49:13,005 PM] [2026-08-30 18:49:12] <PUB> TOP1 Pump_Flow: 11.95
[30.08.2026, 6:49:13,013 PM] [2026-08-30 18:49:12] <DBG> Decode topics ---------- End --------------------

[30.08.2026, 6:49:18,004 PM] [2026-08-30 18:49:17] <DBG> Register command/query
[30.08.2026, 6:49:18,505 PM] [2026-08-30 18:49:18] <DBG> Send query
[30.08.2026, 6:49:19,011 PM] [2026-08-30 18:49:18] <DBG> Valid data
[30.08.2026, 6:49:19,024 PM] [2026-08-30 18:49:18] <DBG> Decode topics ---------- Start ------------------
[30.08.2026, 6:49:19,024 PM] [2026-08-30 18:49:18] <PUB> TOP1 Pump_Flow: 11.59
[30.08.2026, 6:49:19,039 PM] [2026-08-30 18:49:18] <PUB> TOP36 Z1_Water_Temp: 22
[30.08.2026, 6:49:19,040 PM] [2026-08-30 18:49:18] <PUB> TOP50 Discharge_Temp: 37
[30.08.2026, 6:49:19,040 PM] [2026-08-30 18:49:18] <PUB> TOP65 Pump_Speed: 2200
[30.08.2026, 6:49:19,040 PM] [2026-08-30 18:49:18] <PUB> TOP92 Pump_Duty: 96
[30.08.2026, 6:49:19,040 PM] [2026-08-30 18:49:18] <DBG> Decode topics ---------- End --------------------

[30.08.2026, 6:49:24,150 PM] [2026-08-30 18:49:23] <DBG> Register command/query
[30.08.2026, 6:49:24,530 PM] [2026-08-30 18:49:24] <DBG> Send query
[30.08.2026, 6:49:25,036 PM] [2026-08-30 18:49:24] <DBG> Valid data
[30.08.2026, 6:49:25,051 PM] [2026-08-30 18:49:24] <DBG> Decode topics ---------- Start ------------------
[30.08.2026, 6:49:25,051 PM] [2026-08-30 18:49:24] <PUB> TOP1 Pump_Flow: 11.23
[30.08.2026, 6:49:25,051 PM] [2026-08-30 18:49:24] <PUB> TOP33 Room_Thermostat_Temp: 27
[30.08.2026, 6:49:25,051 PM] [2026-08-30 18:49:24] <PUB> TOP65 Pump_Speed: 2150
[30.08.2026, 6:49:25,065 PM] [2026-08-30 18:49:24] <PUB> TOP92 Pump_Duty: 94
[30.08.2026, 6:49:25,065 PM] [2026-08-30 18:49:24] <DBG> Decode topics ---------- End --------------------

[30.08.2026, 6:49:29,974 PM] [2026-08-30 18:49:29] <DBG> Callback from mqtt
[30.08.2026, 6:49:30,008 PM] [2026-08-30 18:49:29] <SUB> SET5 Z1HeatRequestTemperature: 20
[30.08.2026, 6:49:30,008 PM] [2026-08-30 18:49:29] <DBG> Register command/query
[30.08.2026, 6:49:30,008 PM] [2026-08-30 18:49:29] <DBG> Callback from mqtt
[30.08.2026, 6:49:30,008 PM] [2026-08-30 18:49:29] <SUB> SET1 Heatpump: 0
[30.08.2026, 6:49:30,008 PM] [2026-08-30 18:49:29] <DBG> Register command/query
[30.08.2026, 6:49:30,008 PM] [2026-08-30 18:49:29] <DBG> Callback from mqtt
[30.08.2026, 6:49:30,008 PM] [2026-08-30 18:49:29] <SUB> SET15 WaterPumpSpeed: 100
[30.08.2026, 6:49:30,008 PM] [2026-08-30 18:49:29] <DBG> Register command/query
[30.08.2026, 6:49:30,488 PM] [2026-08-30 18:49:30] <DBG> Send command
[30.08.2026, 6:49:31,026 PM] [2026-08-30 18:49:30] <DBG> Valid data
[30.08.2026, 6:49:31,053 PM] [2026-08-30 18:49:30] <DBG> Decode topics ---------- Start ------------------
[30.08.2026, 6:49:31,054 PM] [2026-08-30 18:49:30] <PUB> TOP1 Pump_Flow: 10.87
[30.08.2026, 6:49:31,054 PM] [2026-08-30 18:49:30] <PUB> TOP65 Pump_Speed: 2100
[30.08.2026, 6:49:31,054 PM] [2026-08-30 18:49:30] <PUB> TOP92 Pump_Duty: 93
[30.08.2026, 6:49:31,054 PM] [2026-08-30 18:49:30] <DBG> Decode topics ---------- End --------------------

[30.08.2026, 6:49:36,028 PM] [2026-08-30 18:49:35] <DBG> Register command/query
[30.08.2026, 6:49:36,508 PM] [2026-08-30 18:49:36] <DBG> Send query
[30.08.2026, 6:49:37,014 PM] [2026-08-30 18:49:36] <DBG> Valid data
[30.08.2026, 6:49:37,029 PM] [2026-08-30 18:49:36] <DBG> Decode topics ---------- Start ------------------
[30.08.2026, 6:49:37,029 PM] [2026-08-30 18:49:36] <PUB> TOP0 Heatpump_State: 0
[30.08.2026, 6:49:37,030 PM] [2026-08-30 18:49:36] <PUB> TOP7 Main_Target_Temp: 20
[30.08.2026, 6:49:37,048 PM] [2026-08-30 18:49:36] <PUB> TOP27 Z1_Heat_Request_Temp: 20
[30.08.2026, 6:49:37,048 PM] [2026-08-30 18:49:36] <PUB> TOP29 Z1_Heat_Curve_Target_High_Temp: 20
[30.08.2026, 6:49:37,048 PM] [2026-08-30 18:49:36] <PUB> TOP42 Z1_Water_Target_Temp: 20
[30.08.2026, 6:49:37,048 PM] [2026-08-30 18:49:36] <PUB> TOP103 Pump_Duty_Max: 100
[30.08.2026, 6:49:37,048 PM] [2026-08-30 18:49:36] <DBG> Decode topics ---------- End --------------------

[30.08.2026, 6:49:42,046 PM] [2026-08-30 18:49:41] <DBG> Register command/query
[30.08.2026, 6:49:42,543 PM] [2026-08-30 18:49:42] <DBG> Send query
[30.08.2026, 6:49:43,046 PM] [2026-08-30 18:49:42] <DBG> Valid data
[30.08.2026, 6:49:43,046 PM] [2026-08-30 18:49:42] <DBG> Decode topics ---------- Start ------------------
[30.08.2026, 6:49:43,046 PM] [2026-08-30 18:49:42] <DBG> Decode topics ---------- End --------------------

[30.08.2026, 6:49:48,085 PM] [2026-08-30 18:49:47] <DBG> Register command/query
[30.08.2026, 6:49:48,564 PM] [2026-08-30 18:49:48] <DBG> Send query
[30.08.2026, 6:49:49,048 PM] [2026-08-30 18:49:48] <DBG> Valid data
[30.08.2026, 6:49:49,082 PM] [2026-08-30 18:49:48] <DBG> Decode topics ---------- Start ------------------
[30.08.2026, 6:49:49,082 PM] [2026-08-30 18:49:48] <PUB> TOP1 Pump_Flow: 3.71
[30.08.2026, 6:49:49,126 PM] [2026-08-30 18:49:48] <PUB> TOP65 Pump_Speed: 0
[30.08.2026, 6:49:49,126 PM] [2026-08-30 18:49:48] <PUB> TOP92 Pump_Duty: 0
[30.08.2026, 6:49:49,126 PM] [2026-08-30 18:49:48] <DBG> Decode topics ---------- End --------------------

[30.08.2026, 6:49:54,076 PM] [2026-08-30 18:49:53] <DBG> Register command/query
[30.08.2026, 6:49:54,562 PM] [2026-08-30 18:49:54] <DBG> Send query
[30.08.2026, 6:49:55,069 PM] [2026-08-30 18:49:54] <DBG> Valid data
[30.08.2026, 6:49:55,127 PM] [2026-08-30 18:49:54] <DBG> Decode topics ---------- Start ------------------
[30.08.2026, 6:49:55,128 PM] [2026-08-30 18:49:54] <PUB> TOP1 Pump_Flow: 0.13
[30.08.2026, 6:49:55,128 PM] [2026-08-30 18:49:54] <DBG> Decode topics ---------- End --------------------

[30.08.2026, 6:50:00,093 PM] [2026-08-30 18:49:59] <DBG> Register command/query
[30.08.2026, 6:50:00,631 PM] [2026-08-30 18:50:00] <DBG> Send query
[30.08.2026, 6:50:01,110 PM] [2026-08-30 18:50:00] <DBG> Valid data
[30.08.2026, 6:50:01,143 PM] [2026-08-30 18:50:00] <DBG> Decode topics ---------- Start ------------------
[30.08.2026, 6:50:01,143 PM] [2026-08-30 18:50:00] <PUB> TOP53 Eva_Outlet_Temp: 33
[30.08.2026, 6:50:01,143 PM] [2026-08-30 18:50:00] <DBG> Decode topics ---------- End --------------------

